Archive member included to satisfy reference by file (symbol)

c:/program files (x86)/atmel/studio/7.0/toolchain/avr8/avr8-gnu-toolchain/bin/../lib/gcc/avr/5.4.0/../../../../avr/lib/avr6\libm.a(addsf3.o)
                              main.o (__subsf3)
c:/program files (x86)/atmel/studio/7.0/toolchain/avr8/avr8-gnu-toolchain/bin/../lib/gcc/avr/5.4.0/../../../../avr/lib/avr6\libm.a(addsf3x.o)
                              c:/program files (x86)/atmel/studio/7.0/toolchain/avr8/avr8-gnu-toolchain/bin/../lib/gcc/avr/5.4.0/../../../../avr/lib/avr6\libm.a(addsf3.o) (__addsf3x)
c:/program files (x86)/atmel/studio/7.0/toolchain/avr8/avr8-gnu-toolchain/bin/../lib/gcc/avr/5.4.0/../../../../avr/lib/avr6\libm.a(atan2.o)
                              main.o (atan2)
c:/program files (x86)/atmel/studio/7.0/toolchain/avr8/avr8-gnu-toolchain/bin/../lib/gcc/avr/5.4.0/../../../../avr/lib/avr6\libm.a(atan.o)
                              c:/program files (x86)/atmel/studio/7.0/toolchain/avr8/avr8-gnu-toolchain/bin/../lib/gcc/avr/5.4.0/../../../../avr/lib/avr6\libm.a(atan2.o) (atan)
c:/program files (x86)/atmel/studio/7.0/toolchain/avr8/avr8-gnu-toolchain/bin/../lib/gcc/avr/5.4.0/../../../../avr/lib/avr6\libm.a(cmpsf2.o)
                              MPU6050.o (__nesf2)
c:/program files (x86)/atmel/studio/7.0/toolchain/avr8/avr8-gnu-toolchain/bin/../lib/gcc/avr/5.4.0/../../../../avr/lib/avr6\libm.a(cos.o)
                              main.o (cos)
c:/program files (x86)/atmel/studio/7.0/toolchain/avr8/avr8-gnu-toolchain/bin/../lib/gcc/avr/5.4.0/../../../../avr/lib/avr6\libm.a(divsf3.o)
                              encoder.o (__divsf3)
c:/program files (x86)/atmel/studio/7.0/toolchain/avr8/avr8-gnu-toolchain/bin/../lib/gcc/avr/5.4.0/../../../../avr/lib/avr6\libm.a(divsf3x.o)
                              c:/program files (x86)/atmel/studio/7.0/toolchain/avr8/avr8-gnu-toolchain/bin/../lib/gcc/avr/5.4.0/../../../../avr/lib/avr6\libm.a(divsf3.o) (__divsf3x)
c:/program files (x86)/atmel/studio/7.0/toolchain/avr8/avr8-gnu-toolchain/bin/../lib/gcc/avr/5.4.0/../../../../avr/lib/avr6\libm.a(fixsfsi.o)
                              main.o (__fixsfsi)
c:/program files (x86)/atmel/studio/7.0/toolchain/avr8/avr8-gnu-toolchain/bin/../lib/gcc/avr/5.4.0/../../../../avr/lib/avr6\libm.a(fixunssfsi.o)
                              main.o (__fixunssfsi)
c:/program files (x86)/atmel/studio/7.0/toolchain/avr8/avr8-gnu-toolchain/bin/../lib/gcc/avr/5.4.0/../../../../avr/lib/avr6\libm.a(floatsisf.o)
                              main.o (__floatunsisf)
c:/program files (x86)/atmel/studio/7.0/toolchain/avr8/avr8-gnu-toolchain/bin/../lib/gcc/avr/5.4.0/../../../../avr/lib/avr6\libm.a(fp_cmp.o)
                              c:/program files (x86)/atmel/studio/7.0/toolchain/avr8/avr8-gnu-toolchain/bin/../lib/gcc/avr/5.4.0/../../../../avr/lib/avr6\libm.a(cmpsf2.o) (__fp_cmp)
c:/program files (x86)/atmel/studio/7.0/toolchain/avr8/avr8-gnu-toolchain/bin/../lib/gcc/avr/5.4.0/../../../../avr/lib/avr6\libm.a(fp_inf.o)
                              c:/program files (x86)/atmel/studio/7.0/toolchain/avr8/avr8-gnu-toolchain/bin/../lib/gcc/avr/5.4.0/../../../../avr/lib/avr6\libm.a(addsf3x.o) (__fp_inf)
c:/program files (x86)/atmel/studio/7.0/toolchain/avr8/avr8-gnu-toolchain/bin/../lib/gcc/avr/5.4.0/../../../../avr/lib/avr6\libm.a(fp_nan.o)
                              c:/program files (x86)/atmel/studio/7.0/toolchain/avr8/avr8-gnu-toolchain/bin/../lib/gcc/avr/5.4.0/../../../../avr/lib/avr6\libm.a(addsf3x.o) (__fp_nan)
c:/program files (x86)/atmel/studio/7.0/toolchain/avr8/avr8-gnu-toolchain/bin/../lib/gcc/avr/5.4.0/../../../../avr/lib/avr6\libm.a(fp_powser.o)
                              c:/program files (x86)/atmel/studio/7.0/toolchain/avr8/avr8-gnu-toolchain/bin/../lib/gcc/avr/5.4.0/../../../../avr/lib/avr6\libm.a(atan.o) (__fp_powser)
c:/program files (x86)/atmel/studio/7.0/toolchain/avr8/avr8-gnu-toolchain/bin/../lib/gcc/avr/5.4.0/../../../../avr/lib/avr6\libm.a(fp_pscA.o)
                              c:/program files (x86)/atmel/studio/7.0/toolchain/avr8/avr8-gnu-toolchain/bin/../lib/gcc/avr/5.4.0/../../../../avr/lib/avr6\libm.a(addsf3x.o) (__fp_pscA)
c:/program files (x86)/atmel/studio/7.0/toolchain/avr8/avr8-gnu-toolchain/bin/../lib/gcc/avr/5.4.0/../../../../avr/lib/avr6\libm.a(fp_pscB.o)
                              c:/program files (x86)/atmel/studio/7.0/toolchain/avr8/avr8-gnu-toolchain/bin/../lib/gcc/avr/5.4.0/../../../../avr/lib/avr6\libm.a(addsf3x.o) (__fp_pscB)
c:/program files (x86)/atmel/studio/7.0/toolchain/avr8/avr8-gnu-toolchain/bin/../lib/gcc/avr/5.4.0/../../../../avr/lib/avr6\libm.a(fp_rempio2.o)
                              c:/program files (x86)/atmel/studio/7.0/toolchain/avr8/avr8-gnu-toolchain/bin/../lib/gcc/avr/5.4.0/../../../../avr/lib/avr6\libm.a(cos.o) (__fp_rempio2)
[...]
Memory Configuration

Name             Origin             Length             Attributes
text             0x00000000         0x00100000         xr
data             0x00800200         0x0000fe00         rw !x
eeprom           0x00810000         0x00010000         rw !x
fuse             0x00820000         0x00000003         rw !x
lock             0x00830000         0x00000400         rw !x
signature        0x00840000         0x00000400         rw !x
user_signatures  0x00850000         0x00000400         rw !x
*default*        0x00000000         0xffffffff

Linker script and memory map

Address of section .data set to 0x800200
LOAD C:/Program Files (x86)/Atmel/Studio/7.0/Packs/Atmel/ATmega_DFP/1.2.203/gcc/dev/atmega2560/avr6/crtatmega2560.o
LOAD encoder.o
LOAD main.o
LOAD MPU6050.o
LOAD retry.o
LOAD TWI.o
LOAD uart.o
START GROUP
LOAD c:/program files (x86)/atmel/studio/7.0/toolchain/avr8/avr8-gnu-toolchain/bin/../lib/gcc/avr/5.4.0/../../../../avr/lib/avr6\libm.a
END GROUP
LOAD c:/program files (x86)/atmel/studio/7.0/toolchain/avr8/avr8-gnu-toolchain/bin/../lib/gcc/avr/5.4.0/avr6\libgcc.a
LOAD c:/program files (x86)/atmel/studio/7.0/toolchain/avr8/avr8-gnu-toolchain/bin/../lib/gcc/avr/5.4.0/../../../../avr/lib/avr6\libm.a
START GROUP
LOAD c:/program files (x86)/atmel/studio/7.0/toolchain/avr8/avr8-gnu-toolchain/bin/../lib/gcc/avr/5.4.0/avr6\libgcc.a
LOAD c:/program files (x86)/atmel/studio/7.0/toolchain/avr8/avr8-gnu-toolchain/bin/../lib/gcc/avr/5.4.0/../../../../avr/lib/avr6\libm.a
LOAD c:/program files (x86)/atmel/studio/7.0/toolchain/avr8/avr8-gnu-toolchain/bin/../lib/gcc/avr/5.4.0/../../../../avr/lib/avr6\libc.a
LOAD C:/Program Files (x86)/Atmel/Studio/7.0/Packs/Atmel/ATmega_DFP/1.2.203/gcc/dev/atmega2560/avr6\libatmega2560.a
END GROUP
                0x00100000                __TEXT_REGION_LENGTH__ = DEFINED (__TEXT_REGION_LENGTH__)?__TEXT_REGION_LENGTH__:0x100000
                0x0000fe00                __DATA_REGION_LENGTH__ = DEFINED (__DATA_REGION_LENGTH__)?__DATA_REGION_LENGTH__:0xfe00
                0x00010000                __EEPROM_REGION_LENGTH__ = DEFINED (__EEPROM_REGION_LENGTH__)?__EEPROM_REGION_LENGTH__:0x10000
                [0x00000003]                __FUSE_REGION_LENGTH__ = DEFINED (__FUSE_REGION_LENGTH__)?__FUSE_REGION_LENGTH__:0x400
                0x00000400                __LOCK_REGION_LENGTH__ = DEFINED (__LOCK_REGION_LENGTH__)?__LOCK_REGION_LENGTH__:0x400
                0x00000400                __SIGNATURE_REGION_LENGTH__ = DEFINED (__SIGNATURE_REGION_LENGTH__)?__SIGNATURE_REGION_LENGTH__:0x400
                0x00000400                __USER_SIGNATURE_REGION_LENGTH__ = DEFINED (__USER_SIGNATURE_REGION_LENGTH__)?__USER_SIGNATURE_REGION_LENGTH__:0x400

.hash
 *(.hash)

.dynsym
 *(.dynsym)

.dynstr
 *(.dynstr)

.gnu.version
 *(.gnu.version)

.gnu.version_d
 *(.gnu.version_d)

.gnu.version_r
 *(.gnu.version_r)

.rel.init
 *(.rel.init)

.rela.init
 *(.rela.init)

.rel.text
 *(.rel.text)
 *(.rel.text.*)
 *(.rel.gnu.linkonce.t*)

.rela.text
 *(.rela.text)
 *(.rela.text.*)
 *(.rela.gnu.linkonce.t*)

.rel.fini
 *(.rel.fini)

.rela.fini
 *(.rela.fini)

.rel.rodata
 *(.rel.rodata)
 *(.rel.rodata.*)
 *(.rel.gnu.linkonce.r*)

.rela.rodata
 *(.rela.rodata)
 *(.rela.rodata.*)
 *(.rela.gnu.linkonce.r*)

.rel.data
 *(.rel.data)
 *(.rel.data.*)
 *(.rel.gnu.linkonce.d*)

.rela.data
 *(.rela.data)
 *(.rela.data.*)
 *(.rela.gnu.linkonce.d*)

.rel.ctors
 *(.rel.ctors)

.rela.ctors
 *(.rela.ctors)

.rel.dtors
 *(.rel.dtors)

.rela.dtors
 *(.rela.dtors)

.rel.got
 *(.rel.got)

.rela.got
 *(.rela.got)

.rel.bss
 *(.rel.bss)

.rela.bss
 *(.rela.bss)

.rel.plt
 *(.rel.plt)

.rela.plt
 *(.rela.plt)

.text           0x00000000     0x45f8
 *(.vectors)
 .vectors       0x00000000       0xe4 C:/Program Files (x86)/Atmel/Studio/7.0/Packs/Atmel/ATmega_DFP/1.2.203/gcc/dev/atmega2560/avr6/crtatmega2560.o
                0x00000000                __vector_default
                0x00000000                __vectors
 *(.vectors)
 *(.progmem.gcc*)
 .progmem.gcc_fplib
                0x000000e4       0x2d c:/program files (x86)/atmel/studio/7.0/toolchain/avr8/avr8-gnu-toolchain/bin/../lib/gcc/avr/5.4.0/../../../../avr/lib/avr6\libm.a(atan.o)
 .progmem.gcc_fplib
                0x00000111       0x1e c:/program files (x86)/atmel/studio/7.0/toolchain/avr8/avr8-gnu-toolchain/bin/../lib/gcc/avr/5.4.0/../../../../avr/lib/avr6\libm.a(fp_sinus.o)
                0x00000130                . = ALIGN (0x2)
 *fill*         0x0000012f        0x1 
                0x00000130                __trampolines_start = .
 *(.trampolines)
 .trampolines   0x00000130        0x0 linker stubs
 *(.trampolines*)
                0x00000130                __trampolines_end = .
 *libprintf_flt.a:*(.progmem.data)
 *libc.a:*(.progmem.data)
 *(.progmem*)
                0x00000130                . = ALIGN (0x2)
 *(.jumptables)
 *(.jumptables*)
 *(.lowtext)
 *(.lowtext*)
                0x00000130                __ctors_start = .
 *(.ctors)
 .ctors         0x00000130        0x2 main.o
                0x00000132                __ctors_end = .
                0x00000132                __dtors_start = .
 *(.dtors)
                0x00000132                __dtors_end = .
 SORT(*)(.ctors)
 SORT(*)(.dtors)
 *(.init0)
 .init0         0x00000132        0x0 C:/Program Files (x86)/Atmel/Studio/7.0/Packs/Atmel/ATmega_DFP/1.2.203/gcc/dev/atmega2560/avr6/crtatmega2560.o
                0x00000132                __init
 *(.init0)
 *(.init1)
 *(.init1)
 *(.init2)
 .init2         0x00000132       0x10 C:/Program Files (x86)/Atmel/Studio/7.0/Packs/Atmel/ATmega_DFP/1.2.203/gcc/dev/atmega2560/avr6/crtatmega2560.o
 *(.init2)
 *(.init3)
 *(.init3)
 *(.init4)
 .init4         0x00000142       0x1a c:/program files (x86)/atmel/studio/7.0/toolchain/avr8/avr8-gnu-toolchain/bin/../lib/gcc/avr/5.4.0/avr6\libgcc.a(_copy_data.o)
                0x00000142                __do_copy_data
 .init4         0x0000015c       0x10 c:/program files (x86)/atmel/studio/7.0/toolchain/avr8/avr8-gnu-toolchain/bin/../lib/gcc/avr/5.4.0/avr6\libgcc.a(_clear_bss.o)
                0x0000015c                __do_clear_bss
 *(.init4)
 *(.init5)
 *(.init5)
 *(.init6)
 .init6         0x0000016c       0x20 c:/program files (x86)/atmel/studio/7.0/toolchain/avr8/avr8-gnu-toolchain/bin/../lib/gcc/avr/5.4.0/avr6\libgcc.a(_ctors.o)
                0x0000016c                __do_global_ctors
 *(.init6)
 *(.init7)
 *(.init7)
 *(.init8)
 *(.init8)
 *(.init9)
 .init9         0x0000018c        0x8 C:/Program Files (x86)/Atmel/Studio/7.0/Packs/Atmel/ATmega_DFP/1.2.203/gcc/dev/atmega2560/avr6/crtatmega2560.o
 *(.init9)
 *(.text)
 .text          0x00000194        0x2 C:/Program Files (x86)/Atmel/Studio/7.0/Packs/Atmel/ATmega_DFP/1.2.203/gcc/dev/atmega2560/avr6/crtatmega2560.o
                0x00000194                __vector_38
                0x00000194                __vector_22
                0x00000194                __vector_28
                0x00000194                __vector_1
                0x00000194                __vector_32
                0x00000194                __vector_34
                0x00000194                __vector_24
                0x00000194                __vector_12
                0x00000194                __vector_46
                0x00000194                __bad_interrupt
                0x00000194                __vector_31
                0x00000194                __vector_35
                0x00000194                __vector_39
                0x00000194                __vector_30
                0x00000194                __vector_45
                0x00000194                __vector_13
                0x00000194                __vector_17
                0x00000194                __vector_19
                0x00000194                __vector_56
                0x00000194                __vector_7
                0x00000194                __vector_49
                0x00000194                __vector_41
                0x00000194                __vector_43
                0x00000194                __vector_27
                0x00000194                __vector_5
                0x00000194                __vector_33
                0x00000194                __vector_47
                0x00000194                __vector_4
                0x00000194                __vector_44
                0x00000194                __vector_2
                0x00000194                __vector_21
                0x00000194                __vector_29
                0x00000194                __vector_40
                0x00000194                __vector_8
                0x00000194                __vector_48
                0x00000194                __vector_14
                0x00000194                __vector_53
                0x00000194                __vector_10
                0x00000194                __vector_50
                0x00000194                __vector_16
                0x00000194                __vector_18
                0x00000194                __vector_20
                0x00000194                __vector_42
                0x00000196                . = ALIGN (0x2)
 *(.text.*)
 .text._ZN7encoder22Init_encoder_interruptEv
                0x00000196       0x16 encoder.o
                0x00000196                _ZN7encoder22Init_encoder_interruptEv
 .text._ZN7encoder10Init_timerEv
                0x000001ac       0x10 encoder.o
                0x000001ac                _ZN7encoder10Init_timerEv
 .text._ZN7encoder11getdistanceEv
                0x000001bc       0x3c encoder.o
                0x000001bc                _ZN7encoder11getdistanceEv
 .text.__vector_3
                0x000001f8       0x4e encoder.o
                0x000001f8                __vector_3
 .text.__vector_6
                0x00000246       0x4e encoder.o
                0x00000246                __vector_6
 .text.__vector_23
                0x00000294       0x2e encoder.o
                0x00000294                __vector_23
 .text._Z13init_HMC5883Lv
                0x000002c2       0x48 main.o
                0x000002c2                _Z13init_HMC5883Lv
 .text._Z12read_Compassv
                0x0000030a       0x82 main.o
                0x0000030a                _Z12read_Compassv
 .text._Z6millisv
                0x0000038c       0x18 main.o
                0x0000038c                _Z6millisv
 .text._Z21initialise_timeperiodv
                0x000003a4       0x1a main.o
                0x000003a4                _Z21initialise_timeperiodv
 .text.__vector_15
                0x000003be       0xd8 main.o
                0x000003be                __vector_15
 .text._Z8initGY88v
                0x00000496       0x2a main.o
                0x00000496                _Z8initGY88v
 .text._Z25compass_tilt_compensationfffff
                0x000004c0      0x17c main.o
                0x000004c0                _Z25compass_tilt_compensationfffff
 .text._Z24getAverageCompensatedYawv
                0x0000063c      0x13e main.o
                0x0000063c                _Z24getAverageCompensatedYawv
 .text._Z10getYawGY88v
                0x0000077a      0x2e2 main.o
                0x0000077a                _Z10getYawGY88v
 .text._Z13initializeAllv
                0x00000a5c      0x154 main.o
                0x00000a5c                _Z13initializeAllv
 .text._Z10BrakeMotorv
                0x00000bb0       0x1e main.o
                0x00000bb0                _Z10BrakeMotorv
 .text._Z15sendDataToSlavev
                0x00000bce       0x2c main.o
                0x00000bce                _Z15sendDataToSlavev
 .text._Z21Goto_Fence_And_Detectv
                0x00000bfa      0x160 main.o
                0x00000bfa                _Z21Goto_Fence_And_Detectv
 .text._Z19calculateCompassPIDv
                0x00000d5a      0x33c main.o
                0x00000d5a                _Z19calculateCompassPIDv
 .text._Z12calculatevelv
                0x00001096      0x186 main.o
                0x00001096                _Z12calculatevelv
 .text._Z4movxiij
                0x0000121c      0x356 main.o
                0x0000121c                _Z4movxiij
 .text._Z9movDegreei
                0x00001572      0x184 main.o
                0x00001572                _Z9movDegreei
 .text._Z27Get_Front_LinetrackerY_Datav
                0x000016f6       0x32 main.o
                0x000016f6                _Z27Get_Front_LinetrackerY_Datav
 .text._Z26Get_Back_LinetrackerY_Datav
                0x00001728      0x182 main.o
                0x00001728                _Z26Get_Back_LinetrackerY_Datav
 .text._Z32Calculate_Front_LinetrackerY_Pidv
                0x000018aa      0x1ee main.o
                0x000018aa                _Z32Calculate_Front_LinetrackerY_Pidv
 .text._Z31Calculate_Back_LinetrackerY_Pidv
                0x00001a98      0x1f0 main.o
                0x00001a98                _Z31Calculate_Back_LinetrackerY_Pidv
 .text._Z18Calculate_Velocityv
                0x00001c88       0x70 main.o
                0x00001c88                _Z18Calculate_Velocityv
 .text._Z55Calculate_Motor_Differential_Velocity_With_Center_Pivoti
                0x00001cf8       0x92 main.o
                0x00001cf8                _Z55Calculate_Motor_Differential_Velocity_With_Center_Pivoti
 .text._Z15movYForwardSlowj
                0x00001d8a       0x60 main.o
                0x00001d8a                _Z15movYForwardSlowj
 .text._Z10Move_Yaxisiij
                0x00001dea      0x2d0 main.o
                0x00001dea                _Z10Move_Yaxisiij
 .text._Z13Hold_Positionv
                0x000020ba       0x5c main.o
                0x000020ba                _Z13Hold_Positionv
 .text._Z14updateZoneflagv
                0x00002116      0x16e main.o
                0x00002116                _Z14updateZoneflagv
 .text._Z18gorockthegamefieldv
                0x00002284      0xc58 main.o
                0x00002284                _Z18gorockthegamefieldv
 .text.__vector_9
                0x00002edc       0xa4 main.o
                0x00002edc                __vector_9
 .text.__vector_11
                0x00002f80       0xe2 main.o
                0x00002f80                __vector_11
 .text.main     0x00003062       0x78 main.o
                0x00003062                main
 .text._GLOBAL__sub_I_compassPID
                0x000030da       0x80 main.o
 .text._ZN7MPU6050C2Ev
                0x0000315a       0x9c MPU6050.o
                0x0000315a                _ZN7MPU6050C2Ev
                0x0000315a                _ZN7MPU6050C1Ev
 .text._ZN7MPU60504InitEv
                0x000031f6       0x68 MPU6050.o
                0x000031f6                _ZN7MPU60504InitEv
 .text._ZN7MPU605017startReadLocationEh
                0x0000325e       0x14 MPU6050.o
                0x0000325e                _ZN7MPU605017startReadLocationEh
 .text._ZN7MPU605012readRawAccelEv
                0x00003272       0xc6 MPU6050.o
                0x00003272                _ZN7MPU605012readRawAccelEv
 .text._ZN7MPU605018readNormalizeAccelEv
                0x00003338       0xbe MPU6050.o
                0x00003338                _ZN7MPU605018readNormalizeAccelEv
 .text._ZN7MPU605011readRawGyroEv
                0x000033f6       0x9a MPU6050.o
                0x000033f6                _ZN7MPU605011readRawGyroEv
 .text._ZN7MPU605012setThresholdEh
                0x00003490       0xcc MPU6050.o
                0x00003490                _ZN7MPU605012setThresholdEh
 .text._ZN7MPU605013calibrateGyroEh
                0x0000355c      0x316 MPU6050.o
                0x0000355c                _ZN7MPU605013calibrateGyroEh
 .text._ZN7MPU60508rateGyroEv
                0x00003872       0xb2 MPU6050.o
                0x00003872                _ZN7MPU60508rateGyroEv
 .text._ZN7MPU605012getGyroRateXEv
                0x00003924       0x10 MPU6050.o
                0x00003924                _ZN7MPU605012getGyroRateXEv
 .text._ZN7MPU605012getGyroRateYEv
                0x00003934       0x10 MPU6050.o
                0x00003934                _ZN7MPU605012getGyroRateYEv
 .text._ZN7MPU605012getGyroRateZEv
                0x00003944       0x10 MPU6050.o
                0x00003944                _ZN7MPU605012getGyroRateZEv
 .text._Z16checkRobotMotionv
                0x00003954       0x48 retry.o
                0x00003954                _Z16checkRobotMotionv
 .text._Z8i2c_initv
                0x0000399c        0xc TWI.o
                0x0000399c                _Z8i2c_initv
 .text._Z9i2c_starth
                0x000039a8       0x4e TWI.o
                0x000039a8                _Z9i2c_starth
 .text._Z13i2c_rep_starth
                0x000039f6        0x4 TWI.o
                0x000039f6                _Z13i2c_rep_starth
 .text._Z8i2c_stopv
                0x000039fa       0x12 TWI.o
                0x000039fa                _Z8i2c_stopv
 .text._Z14i2c_start_waith
                0x00003a0c       0x76 TWI.o
                0x00003a0c                _Z14i2c_start_waith
 .text._Z9i2c_writeh
                0x00003a82       0x24 TWI.o
                0x00003a82                _Z9i2c_writeh
 .text._Z11i2c_readAckv
                0x00003aa6       0x16 TWI.o
                0x00003aa6                _Z11i2c_readAckv
 .text._Z11i2c_readNakv
                0x00003abc       0x16 TWI.o
                0x00003abc                _Z11i2c_readNakv
 .text.__vector_25
                0x00003ad2       0x5e uart.o
                0x00003ad2                __vector_25
 .text.__vector_26
                0x00003b30       0x5c uart.o
                0x00003b30                __vector_26
 .text._Z10uart0_initj
                0x00003b8c       0x32 uart.o
                0x00003b8c                _Z10uart0_initj
 .text._Z10uart0_putch
                0x00003bbe       0x2a uart.o
                0x00003bbe                _Z10uart0_putch
 .text._Z10uart0_putsPKc
                0x00003be8       0x1c uart.o
                0x00003be8                _Z10uart0_putsPKc
 .text.__vector_36
                0x00003c04       0x5e uart.o
                0x00003c04                __vector_36
 .text.__vector_37
                0x00003c62       0x5c uart.o
                0x00003c62                __vector_37
 .text.__vector_51
                0x00003cbe       0x20 uart.o
                0x00003cbe                __vector_51
 .text.__vector_52
                0x00003cde       0x5c uart.o
                0x00003cde                __vector_52
 .text._Z10uart2_initj
                0x00003d3a       0x32 uart.o
                0x00003d3a                _Z10uart2_initj
 .text._Z10uart2_getcv
                0x00003d6c        0x8 uart.o
                0x00003d6c                _Z10uart2_getcv
 .text._Z10uart2_putch
                0x00003d74       0x2a uart.o
                0x00003d74                _Z10uart2_putch
 .text.__vector_54
                0x00003d9e       0x5e uart.o
                0x00003d9e                __vector_54
 .text.__vector_55
                0x00003dfc       0x5c uart.o
                0x00003dfc                __vector_55
 .text._Z10uart3_initj
                0x00003e58       0x32 uart.o
                0x00003e58                _Z10uart3_initj
 .text._Z10uart3_getcv
                0x00003e8a       0x36 uart.o
                0x00003e8a                _Z10uart3_getcv
 .text._Z10uart3_putch
                0x00003ec0       0x2a uart.o
                0x00003ec0                _Z10uart3_putch
 .text.avr-libc.fplib
                0x00003eea        0xa c:/program files (x86)/atmel/studio/7.0/toolchain/avr8/avr8-gnu-toolchain/bin/../lib/gcc/avr/5.4.0/../../../../avr/lib/avr6\libm.a(addsf3.o)
                0x00003eea                __subsf3
                0x00003eec                __addsf3
 .text.avr-libc.fplib
                0x00003ef4       0xc0 c:/program files (x86)/atmel/studio/7.0/toolchain/avr8/avr8-gnu-toolchain/bin/../lib/gcc/avr/5.4.0/../../../../avr/lib/avr6\libm.a(addsf3x.o)
                0x00003f0e                __addsf3x
 .text.avr-libc.fplib
                0x00003fb4       0x74 c:/program files (x86)/atmel/studio/7.0/toolchain/avr8/avr8-gnu-toolchain/bin/../lib/gcc/avr/5.4.0/../../../../avr/lib/avr6\libm.a(atan2.o)
                0x00003fd2                atan2
 .text.avr-libc.fplib
                0x00004028       0x50 c:/program files (x86)/atmel/studio/7.0/toolchain/avr8/avr8-gnu-toolchain/bin/../lib/gcc/avr/5.4.0/../../../../avr/lib/avr6\libm.a(atan.o)
                0x00004028                atan
 .text.avr-libc.fplib
                0x00004078        0x8 c:/program files (x86)/atmel/studio/7.0/toolchain/avr8/avr8-gnu-toolchain/bin/../lib/gcc/avr/5.4.0/../../../../avr/lib/avr6\libm.a(cmpsf2.o)
                0x00004078                __nesf2
                0x00004078                __eqsf2
                0x00004078                __cmpsf2
                0x00004078                __ltsf2
                0x00004078                __lesf2
 .text.avr-libc.fplib
                0x00004080        0x6 c:/program files (x86)/atmel/studio/7.0/toolchain/avr8/avr8-gnu-toolchain/bin/../lib/gcc/avr/5.4.0/../../../../avr/lib/avr6\libm.a(cos.o)
                0x00004080                cos
 .text.avr-libc.fplib
                0x00004086        0x4 c:/program files (x86)/atmel/studio/7.0/toolchain/avr8/avr8-gnu-toolchain/bin/../lib/gcc/avr/5.4.0/../../../../avr/lib/avr6\libm.a(divsf3.o)
                0x00004086                __divsf3
 .text.avr-libc.fplib
                0x0000408a       0xcc c:/program files (x86)/atmel/studio/7.0/toolchain/avr8/avr8-gnu-toolchain/bin/../lib/gcc/avr/5.4.0/../../../../avr/lib/avr6\libm.a(divsf3x.o)
                0x000040a0                __divsf3x
                0x000040a4                __divsf3_pse
 .text.avr-libc.fplib
                0x00004156        0xa c:/program files (x86)/atmel/studio/7.0/toolchain/avr8/avr8-gnu-toolchain/bin/../lib/gcc/avr/5.4.0/../../../../avr/lib/avr6\libm.a(fixsfsi.o)
                0x00004156                __fixsfsi
 .text.avr-libc.fplib
                0x00004160       0x58 c:/program files (x86)/atmel/studio/7.0/toolchain/avr8/avr8-gnu-toolchain/bin/../lib/gcc/avr/5.4.0/../../../../avr/lib/avr6\libm.a(fixunssfsi.o)
                0x00004160                __fixunssfsi
 .text.avr-libc.fplib
                0x000041b8       0x7a c:/program files (x86)/atmel/studio/7.0/toolchain/avr8/avr8-gnu-toolchain/bin/../lib/gcc/avr/5.4.0/../../../../avr/lib/avr6\libm.a(floatsisf.o)
                0x000041b8                __floatunsisf
                0x000041bc                __floatsisf
 .text.avr-libc.fplib
                0x00004232       0x48 c:/program files (x86)/atmel/studio/7.0/toolchain/avr8/avr8-gnu-toolchain/bin/../lib/gcc/avr/5.4.0/../../../../avr/lib/avr6\libm.a(fp_cmp.o)
                0x00004232                __fp_cmp
 .text.avr-libc.fplib
                0x0000427a        0xc c:/program files (x86)/atmel/studio/7.0/toolchain/avr8/avr8-gnu-toolchain/bin/../lib/gcc/avr/5.4.0/../../../../avr/lib/avr6\libm.a(fp_inf.o)
                0x0000427a                __fp_inf
 .text.avr-libc.fplib
                0x00004286        0x6 c:/program files (x86)/atmel/studio/7.0/toolchain/avr8/avr8-gnu-toolchain/bin/../lib/gcc/avr/5.4.0/../../../../avr/lib/avr6\libm.a(fp_nan.o)
                0x00004286                __fp_nan
 .text.avr-libc.fplib
                0x0000428c       0x4a c:/program files (x86)/atmel/studio/7.0/toolchain/avr8/avr8-gnu-toolchain/bin/../lib/gcc/avr/5.4.0/../../../../avr/lib/avr6\libm.a(fp_powser.o)
                0x0000428c                __fp_powser
 .text.avr-libc.fplib
                0x000042d6        0xe c:/program files (x86)/atmel/studio/7.0/toolchain/avr8/avr8-gnu-toolchain/bin/../lib/gcc/avr/5.4.0/../../../../avr/lib/avr6\libm.a(fp_pscA.o)
                0x000042d6                __fp_pscA
 .text.avr-libc.fplib
                0x000042e4        0xe c:/program files (x86)/atmel/studio/7.0/toolchain/avr8/avr8-gnu-toolchain/bin/../lib/gcc/avr/5.4.0/../../../../avr/lib/avr6\libm.a(fp_pscB.o)
                0x000042e4                __fp_pscB
 .text.avr-libc.fplib
                0x000042f2       0x50 c:/program files (x86)/atmel/studio/7.0/toolchain/avr8/avr8-gnu-toolchain/bin/../lib/gcc/avr/5.4.0/../../../../avr/lib/avr6\libm.a(fp_rempio2.o)
                0x000042f4                __fp_rempio2
 .text.avr-libc.fplib
                0x00004342       0x22 c:/program files (x86)/atmel/studio/7.0/toolchain/avr8/avr8-gnu-toolchain/bin/../lib/gcc/avr/5.4.0/../../../../avr/lib/avr6\libm.a(fp_round.o)
                0x00004342                __fp_round
 .text.avr-libc.fplib
                0x00004364       0x22 c:/program files (x86)/atmel/studio/7.0/toolchain/avr8/avr8-gnu-toolchain/bin/../lib/gcc/avr/5.4.0/../../../../avr/lib/avr6\libm.a(fp_sinus.o)
                0x00004364                __fp_sinus
 .text.avr-libc.fplib
                0x00004386       0x44 c:/program files (x86)/atmel/studio/7.0/toolchain/avr8/avr8-gnu-toolchain/bin/../lib/gcc/avr/5.4.0/../../../../avr/lib/avr6\libm.a(fp_split3.o)
                0x00004386                __fp_split3
                0x00004396                __fp_splitA
 .text.avr-libc.fplib
                0x000043ca        0xe c:/program files (x86)/atmel/studio/7.0/toolchain/avr8/avr8-gnu-toolchain/bin/../lib/gcc/avr/5.4.0/../../../../avr/lib/avr6\libm.a(fp_zero.o)
                0x000043ca                __fp_zero
                0x000043cc                __fp_szero
 .text.avr-libc.fplib
                0x000043d8        0x8 c:/program files (x86)/atmel/studio/7.0/toolchain/avr8/avr8-gnu-toolchain/bin/../lib/gcc/avr/5.4.0/../../../../avr/lib/avr6\libm.a(gesf2.o)
                0x000043d8                __gesf2
                0x000043d8                __gtsf2
 .text.avr-libc.fplib
                0x000043e0        0xe c:/program files (x86)/atmel/studio/7.0/toolchain/avr8/avr8-gnu-toolchain/bin/../lib/gcc/avr/5.4.0/../../../../avr/lib/avr6\libm.a(inverse.o)
                0x000043e0                inverse
 .text.avr-libc.fplib
                0x000043ee        0x4 c:/program files (x86)/atmel/studio/7.0/toolchain/avr8/avr8-gnu-toolchain/bin/../lib/gcc/avr/5.4.0/../../../../avr/lib/avr6\libm.a(mulsf3.o)
                0x000043ee                __mulsf3
 .text.avr-libc.fplib
                0x000043f2       0xc2 c:/program files (x86)/atmel/studio/7.0/toolchain/avr8/avr8-gnu-toolchain/bin/../lib/gcc/avr/5.4.0/../../../../avr/lib/avr6\libm.a(mulsf3x.o)
                0x00004406                __mulsf3x
                0x0000440a                __mulsf3_pse
 .text.avr-libc.fplib
                0x000044b4        0xc c:/program files (x86)/atmel/studio/7.0/toolchain/avr8/avr8-gnu-toolchain/bin/../lib/gcc/avr/5.4.0/../../../../avr/lib/avr6\libm.a(sin.o)
                0x000044b4                sin
 .text.avr-libc.fplib
                0x000044c0       0x84 c:/program files (x86)/atmel/studio/7.0/toolchain/avr8/avr8-gnu-toolchain/bin/../lib/gcc/avr/5.4.0/../../../../avr/lib/avr6\libm.a(sqrt.o)
                0x000044c8                sqrtf
                0x000044c8                sqrt
 .text.avr-libc.fplib
                0x00004544        0x6 c:/program files (x86)/atmel/studio/7.0/toolchain/avr8/avr8-gnu-toolchain/bin/../lib/gcc/avr/5.4.0/../../../../avr/lib/avr6\libm.a(square.o)
                0x00004544                square
 .text.avr-libc.fplib
                0x0000454a       0x1c c:/program files (x86)/atmel/studio/7.0/toolchain/avr8/avr8-gnu-toolchain/bin/../lib/gcc/avr/5.4.0/../../../../avr/lib/avr6\libm.a(fp_mpack.o)
                0x0000454a                __fp_mpack
                0x0000454e                __fp_mpack_finite
 .text.avr-libc.fplib
                0x00004566        0xe c:/program files (x86)/atmel/studio/7.0/toolchain/avr8/avr8-gnu-toolchain/bin/../lib/gcc/avr/5.4.0/../../../../avr/lib/avr6\libm.a(fp_norm2.o)
                0x00004566                __fp_norm2
 .text.avr-libc.fplib
                0x00004574       0x22 c:/program files (x86)/atmel/studio/7.0/toolchain/avr8/avr8-gnu-toolchain/bin/../lib/gcc/avr/5.4.0/../../../../avr/lib/avr6\libm.a(fp_powsodd.o)
                0x00004574                __fp_powsodd
 .text.libgcc.div
                0x00004596       0x26 c:/program files (x86)/atmel/studio/7.0/toolchain/avr8/avr8-gnu-toolchain/bin/../lib/gcc/avr/5.4.0/avr6\libgcc.a(_divmodhi4.o)
                0x00004596                _div
                0x00004596                __divmodhi4
 .text.libgcc.div
                0x000045bc       0x28 c:/program files (x86)/atmel/studio/7.0/toolchain/avr8/avr8-gnu-toolchain/bin/../lib/gcc/avr/5.4.0/avr6\libgcc.a(_udivmodhi4.o)
                0x000045bc                __udivmodhi4
 .text.libgcc   0x000045e4       0x10 c:/program files (x86)/atmel/studio/7.0/toolchain/avr8/avr8-gnu-toolchain/bin/../lib/gcc/avr/5.4.0/avr6\libgcc.a(_tablejump2.o)
                0x000045e4                __tablejump2__
                0x000045f4                . = ALIGN (0x2)
 *(.fini9)
 .fini9         0x000045f4        0x0 c:/program files (x86)/atmel/studio/7.0/toolchain/avr8/avr8-gnu-toolchain/bin/../lib/gcc/avr/5.4.0/avr6\libgcc.a(_exit.o)
                0x000045f4                _exit
                0x000045f4                exit
 *(.fini9)
 *(.fini8)
 *(.fini8)
 *(.fini7)
 *(.fini7)
 *(.fini6)
 *(.fini6)
 *(.fini5)
 *(.fini5)
 *(.fini4)
 *(.fini4)
 *(.fini3)
 *(.fini3)
 *(.fini2)
 *(.fini2)
 *(.fini1)
 *(.fini1)
 *(.fini0)
 .fini0         0x000045f4        0x4 c:/program files (x86)/atmel/studio/7.0/toolchain/avr8/avr8-gnu-toolchain/bin/../lib/gcc/avr/5.4.0/avr6\libgcc.a(_exit.o)
 *(.fini0)
                0x000045f8                _etext = .

.data           0x00800200       0x82 load address 0x000045f8
                0x00800200                PROVIDE (__data_start, .)
 *(.data)
 *(.data*)
 .data.PidUpdateFlagDriveY
                0x00800200        0x1 encoder.o
                0x00800200                PidUpdateFlagDriveY
 .data.PidUpdateFlagDriveX
                0x00800201        0x1 encoder.o
                0x00800201                PidUpdateFlagDriveX
 .data.PidUpdateFlagCompass
                0x00800202        0x1 encoder.o
                0x00800202                PidUpdateFlagCompass
 .data.PidUpdateFlagLinetrackerFront
                0x00800203        0x1 encoder.o
                0x00800203                PidUpdateFlagLinetrackerFront
 .data.PidUpdateFlagLinetrackerBack
                0x00800204        0x1 encoder.o
                0x00800204                PidUpdateFlagLinetrackerBack
 .data.robotState
                0x00800205        0x2 main.o
                0x00800205                robotState
 .data.sendoncetorotateGeneva
                0x00800207        0x1 main.o
                0x00800207                sendoncetorotateGeneva
 .data.ManualInFrontOfLZ2
                0x00800208        0x1 main.o
                0x00800208                ManualInFrontOfLZ2
 .data._previous_data_of_back_linetracker
                0x00800209        0x1 main.o
                0x00800209                _previous_data_of_back_linetracker
 .data._previous_data_of_front_linetracker
                0x0080020a        0x1 main.o
                0x0080020a                _previous_data_of_front_linetracker
 .data._direction
                0x0080020b        0x1 main.o
                0x0080020b                _direction
 .data._axis    0x0080020c        0x1 main.o
                0x0080020c                _axis
 .data._direction_matrix
                0x0080020d       0x14 main.o
                0x0080020d                _direction_matrix
 .data.inverseKinematicsTrue
                0x00800221        0x1 main.o
                0x00800221                inverseKinematicsTrue
 .data.startingAtFront
                0x00800222        0x1 main.o
                0x00800222                startingAtFront
 .data.coupling_matrix
                0x00800223       0x30 main.o
                0x00800223                coupling_matrix
 .data.first_data_time_of_limit_switches_pressed
                0x00800253        0x1 main.o
                0x00800253                first_data_time_of_limit_switches_pressed
 .data.readFirstData
                0x00800254        0x1 main.o
                0x00800254                readFirstData
 .data.linetrackerPID
                0x00800255        0x1 main.o
                0x00800255                linetrackerPID
 .data.compassPID
                0x00800256        0x1 main.o
                0x00800256                compassPID
 *(.gnu.linkonce.d*)
 *(.rodata)
 *(.rodata*)
 .rodata.str1.1
                0x00800257       0x1b main.o
 .rodata._ZL6weight
                0x00800272       0x10 main.o
 *(.gnu.linkonce.r*)
                0x00800282                . = ALIGN (0x2)
                0x00800282                _edata = .
                0x00800282                PROVIDE (__data_end, .)

.bss            0x00800282      0x2f6
                0x00800282                PROVIDE (__bss_start, .)
 *(.bss)
 *(.bss*)
 .bss.encoderY  0x00800282        0x8 main.o
                0x00800282                encoderY
 .bss.encoderX  0x0080028a        0x8 main.o
                0x0080028a                encoderX
 .bss.receiveAck
                0x00800292        0x1 main.o
                0x00800292                receiveAck
 .bss.xJunctionMeetFromTZ2
                0x00800293        0x1 main.o
                0x00800293                xJunctionMeetFromTZ2
 .bss.task9     0x00800294        0x1 main.o
                0x00800294                task9
 .bss.task8     0x00800295        0x1 main.o
                0x00800295                task8
 .bss.task7     0x00800296        0x1 main.o
                0x00800296                task7
 .bss.task6     0x00800297        0x1 main.o
                0x00800297                task6
 .bss.task5     0x00800298        0x1 main.o
                0x00800298                task5
 .bss.task4     0x00800299        0x1 main.o
                0x00800299                task4
 .bss.task3     0x0080029a        0x1 main.o
                0x0080029a                task3
 .bss.task2     0x0080029b        0x1 main.o
                0x0080029b                task2
 .bss.task1     0x0080029c        0x1 main.o
                0x0080029c                task1
 .bss.where     0x0080029d        0x2 main.o
                0x0080029d                where
 .bss.gotoLZ2   0x0080029f        0x1 main.o
                0x0080029f                gotoLZ2
 .bss.backtoLZ2
                0x008002a0        0x1 main.o
                0x008002a0                backtoLZ2
 .bss.backtoLZ1
                0x008002a1        0x1 main.o
                0x008002a1                backtoLZ1
 .bss.GoThrowingZone3
                0x008002a2        0x1 main.o
                0x008002a2                GoThrowingZone3
 .bss.GoThrowingZone2
                0x008002a3        0x1 main.o
                0x008002a3                GoThrowingZone2
 .bss.GoThrowingZone1
                0x008002a4        0x1 main.o
                0x008002a4                GoThrowingZone1
 .bss._b_Transmit_once
                0x008002a5        0x1 main.o
                0x008002a5                _b_Transmit_once
 .bss.ShuttleCockArmGone
                0x008002a6        0x1 main.o
                0x008002a6                ShuttleCockArmGone
 .bss.GoldenRackGiven
                0x008002a7        0x1 main.o
                0x008002a7                GoldenRackGiven
 .bss.ShuttleCockGiven
                0x008002a8        0x1 main.o
                0x008002a8                ShuttleCockGiven
 .bss.BackLinetrackerY_
                0x008002a9       0x21 main.o
                0x008002a9                BackLinetrackerY_
 .bss.FrontLinetrackerY_
                0x008002ca       0x21 main.o
                0x008002ca                FrontLinetrackerY_
 .bss.driveY    0x008002eb       0x21 main.o
                0x008002eb                driveY
 .bss.driveX    0x0080030c       0x21 main.o
                0x0080030c                driveX
 .bss.compass   0x0080032d       0x21 main.o
                0x0080032d                compass
 .bss.ltYBack   0x0080034e       0x21 main.o
                0x0080034e                ltYBack
 .bss.ltYFront  0x0080036f       0x21 main.o
                0x0080036f                ltYFront
 .bss._ZL7lineBit
                0x00800390       0x10 main.o
 .bss._ZL9totalLine
                0x008003a0        0x4 main.o
 .bss._ZL8totalSum
                0x008003a4        0x4 main.o
 .bss._ZL16linetracker_data
                0x008003a8        0x1 main.o
 .bss._ZL9linestate
                0x008003a9        0x1 main.o
 .bss.movingyback
                0x008003aa        0x1 main.o
                0x008003aa                movingyback
 .bss.movingyfront
                0x008003ab        0x1 main.o
                0x008003ab                movingyfront
 .bss.movingxback
                0x008003ac        0x1 main.o
                0x008003ac                movingxback
 .bss.movingxfront
                0x008003ad        0x1 main.o
                0x008003ad                movingxfront
 .bss.initialCompassAngle
                0x008003ae        0x2 main.o
                0x008003ae                initialCompassAngle
 .bss.distanceY
                0x008003b0        0x2 main.o
                0x008003b0                distanceY
 .bss.distanceX
                0x008003b2        0x2 main.o
                0x008003b2                distanceX
 .bss.velocity_robot
                0x008003b4        0x6 main.o
                0x008003b4                velocity_robot
 .bss.velocity_motor
                0x008003ba        0x8 main.o
                0x008003ba                velocity_motor
 .bss.bufferMotorSpeed
                0x008003c2        0x4 main.o
                0x008003c2                bufferMotorSpeed
 .bss.time_of_limit_switches_pressed
                0x008003c6        0x4 main.o
                0x008003c6                time_of_limit_switches_pressed
 .bss.startTime
                0x008003ca        0x4 main.o
                0x008003ca                startTime
 .bss.normAccel
                0x008003ce        0xc main.o
                0x008003ce                normAccel
 .bss.previousTime
                0x008003da        0x4 main.o
                0x008003da                previousTime
 .bss._ZL12filtered_yaw
                0x008003de        0x4 main.o
 .bss._ZL14filtered_pitch
                0x008003e2        0x4 main.o
 .bss._ZL13filtered_roll
                0x008003e6        0x4 main.o
 .bss._ZL14unfiltered_yaw
                0x008003ea        0x4 main.o
 .bss._ZL16unfiltered_pitch
                0x008003ee        0x4 main.o
 .bss._ZL15unfiltered_roll
                0x008003f2        0x4 main.o
 .bss._ZL3mpu   0x008003f6       0x79 main.o
 .bss.timer2_fract
                0x0080046f        0x4 main.o
                0x0080046f                timer2_fract
 .bss.timer2_millis
                0x00800473        0x4 main.o
                0x00800473                timer2_millis
 .bss.raw_z     0x00800477        0x2 main.o
                0x00800477                raw_z
 .bss.raw_y     0x00800479        0x2 main.o
                0x00800479                raw_y
 .bss.raw_x     0x0080047b        0x2 main.o
                0x0080047b                raw_x
 .bss.FlagChangeSetpointCompass
                0x0080047d        0x1 main.o
                0x0080047d                FlagChangeSetpointCompass
 .bss.normalGame
                0x0080047e        0x1 retry.o
                0x0080047e                normalGame
 .bss.alwaysTZ1
                0x0080047f        0x1 retry.o
                0x0080047f                alwaysTZ1
 .bss.alwaysTZ2
                0x00800480        0x1 retry.o
                0x00800480                alwaysTZ2
 .bss.LZ2ForTZ3
                0x00800481        0x1 retry.o
                0x00800481                LZ2ForTZ3
 .bss.directlyTZ3
                0x00800482        0x1 retry.o
                0x00800482                directlyTZ3
 .bss.directlyLZ2
                0x00800483        0x1 retry.o
                0x00800483                directlyLZ2
 .bss._ZL17UART3_LastRxError
                0x00800484        0x1 uart.o
 .bss._ZL12UART3_RxTail
                0x00800485        0x1 uart.o
 .bss._ZL12UART3_RxHead
                0x00800486        0x1 uart.o
 .bss._ZL12UART3_TxTail
                0x00800487        0x1 uart.o
 .bss._ZL12UART3_TxHead
                0x00800488        0x1 uart.o
 .bss._ZL11UART3_RxBuf
                0x00800489       0x20 uart.o
 .bss._ZL11UART3_TxBuf
                0x008004a9       0x20 uart.o
 .bss._ZL12UART2_RxTail
                0x008004c9        0x1 uart.o
 .bss._ZL12UART2_RxHead
                0x008004ca        0x1 uart.o
 .bss._ZL12UART2_TxTail
                0x008004cb        0x1 uart.o
 .bss._ZL12UART2_TxHead
                0x008004cc        0x1 uart.o
 .bss._ZL11UART2_TxBuf
                0x008004cd       0x20 uart.o
 .bss._ZL17UART1_LastRxError
                0x008004ed        0x1 uart.o
 .bss._ZL12UART1_RxTail
                0x008004ee        0x1 uart.o
 .bss._ZL12UART1_RxHead
                0x008004ef        0x1 uart.o
 .bss._ZL12UART1_TxTail
                0x008004f0        0x1 uart.o
 .bss._ZL12UART1_TxHead
                0x008004f1        0x1 uart.o
 .bss._ZL11UART1_RxBuf
                0x008004f2       0x20 uart.o
 .bss._ZL11UART1_TxBuf
                0x00800512       0x20 uart.o
 .bss._ZL17UART0_LastRxError
                0x00800532        0x1 uart.o
 .bss._ZL12UART0_RxTail
                0x00800533        0x1 uart.o
 .bss._ZL12UART0_RxHead
                0x00800534        0x1 uart.o
 .bss._ZL12UART0_TxTail
                0x00800535        0x1 uart.o
 .bss._ZL12UART0_TxHead
                0x00800536        0x1 uart.o
 .bss._ZL11UART0_RxBuf
                0x00800537       0x20 uart.o
 .bss._ZL11UART0_TxBuf
                0x00800557       0x20 uart.o
 .bss.buffer2   0x00800577        0x1 uart.o
                0x00800577                buffer2
 *(COMMON)
                0x00800578                PROVIDE (__bss_end, .)
                0x000045f8                __data_load_start = LOADADDR (.data)
                0x0000467a                __data_load_end = (__data_load_start + SIZEOF (.data))

.noinit         0x00800578        0x0
                [!provide]                PROVIDE (__noinit_start, .)
 *(.noinit*)
                [!provide]                PROVIDE (__noinit_end, .)
                0x00800578                _end = .
                [!provide]                PROVIDE (__heap_start, .)

.eeprom         0x00810000        0x0
 *(.eeprom*)
                0x00810000                __eeprom_end = .

.fuse
 *(.fuse)
 *(.lfuse)
 *(.hfuse)
 *(.efuse)

.lock
 *(.lock*)

.signature
 *(.signature*)

.user_signatures
 *(.user_signatures*)

.stab
 *(.stab)

.stabstr
 *(.stabstr)

.stab.excl
 *(.stab.excl)

.stab.exclstr
 *(.stab.exclstr)

.stab.index
 *(.stab.index)

.stab.indexstr
 *(.stab.indexstr)

.comment        0x00000000       0x30
 *(.comment)
 .comment       0x00000000       0x30 encoder.o
                                 0x31 (size before relaxing)
 .comment       0x00000030       0x31 main.o
 .comment       0x00000030       0x31 MPU6050.o
 .comment       0x00000030       0x31 retry.o
 .comment       0x00000030       0x31 TWI.o
 .comment       0x00000030       0x31 uart.o

.note.gnu.avr.deviceinfo
                0x00000000       0x40
 .note.gnu.avr.deviceinfo
                0x00000000       0x40 C:/Program Files (x86)/Atmel/Studio/7.0/Packs/Atmel/ATmega_DFP/1.2.203/gcc/dev/atmega2560/avr6/crtatmega2560.o

.note.gnu.build-id
 *(.note.gnu.build-id)

.debug
 *(.debug)

.line
 *(.line)

.debug_srcinfo
 *(.debug_srcinfo)

.debug_sfnames
 *(.debug_sfnames)

.debug_aranges  0x00000000      0x428
 *(.debug_aranges)
 .debug_aranges
                0x00000000       0x48 encoder.o
 .debug_aranges
                0x00000048      0x170 main.o
 .debug_aranges
                0x000001b8       0x98 MPU6050.o
 .debug_aranges
                0x00000250       0x20 retry.o
 .debug_aranges
                0x00000270       0x60 TWI.o
 .debug_aranges
                0x000002d0      0x158 uart.o

.debug_pubnames
 *(.debug_pubnames)

.debug_info     0x00000000     0x5d33
 *(.debug_info .gnu.linkonce.wi.*)
 .debug_info    0x00000000      0xbbc C:/Program Files (x86)/Atmel/Studio/7.0/Packs/Atmel/ATmega_DFP/1.2.203/gcc/dev/atmega2560/avr6/crtatmega2560.o
 .debug_info    0x00000bbc      0x3b0 encoder.o
 .debug_info    0x00000f6c     0x2fd2 main.o
 .debug_info    0x00003f3e      0xcad MPU6050.o
 .debug_info    0x00004beb      0x100 retry.o
 .debug_info    0x00004ceb      0x22f TWI.o
 .debug_info    0x00004f1a      0xe19 uart.o

.debug_abbrev   0x00000000     0x18ba
 *(.debug_abbrev)
 .debug_abbrev  0x00000000      0xb1a C:/Program Files (x86)/Atmel/Studio/7.0/Packs/Atmel/ATmega_DFP/1.2.203/gcc/dev/atmega2560/avr6/crtatmega2560.o
 .debug_abbrev  0x00000b1a      0x198 encoder.o
 .debug_abbrev  0x00000cb2      0x5d9 main.o
 .debug_abbrev  0x0000128b      0x2a1 MPU6050.o
 .debug_abbrev  0x0000152c       0x56 retry.o
 .debug_abbrev  0x00001582      0x10b TWI.o
 .debug_abbrev  0x0000168d      0x22d uart.o

.debug_line     0x00000000     0x3374
 *(.debug_line .debug_line.* .debug_line_end)
 .debug_line    0x00000000      0x1f9 C:/Program Files (x86)/Atmel/Studio/7.0/Packs/Atmel/ATmega_DFP/1.2.203/gcc/dev/atmega2560/avr6/crtatmega2560.o
 .debug_line    0x000001f9      0x190 encoder.o
 .debug_line    0x00000389     0x1ea9 main.o
 .debug_line    0x00002232      0x5f4 MPU6050.o
 .debug_line    0x00002826       0xa2 retry.o
 .debug_line    0x000028c8      0x279 TWI.o
 .debug_line    0x00002b41      0x833 uart.o

.debug_frame    0x00000000     0x1124
 *(.debug_frame)
 .debug_frame   0x00000000       0xd0 encoder.o
 .debug_frame   0x000000d0      0x7fc main.o
 .debug_frame   0x000008cc      0x2f0 MPU6050.o
 .debug_frame   0x00000bbc       0x24 retry.o
 .debug_frame   0x00000be0       0xe4 TWI.o
 .debug_frame   0x00000cc4      0x460 uart.o

.debug_str      0x00000000     0x229a
 *(.debug_str)
 .debug_str     0x00000000      0x3e6 C:/Program Files (x86)/Atmel/Studio/7.0/Packs/Atmel/ATmega_DFP/1.2.203/gcc/dev/atmega2560/avr6/crtatmega2560.o
 .debug_str     0x000003e6      0x3c9 encoder.o
                                0x414 (size before relaxing)
 .debug_str     0x000007af     0x14cc main.o
                               0x1985 (size before relaxing)
 .debug_str     0x00001c7b       0x83 MPU6050.o
                                0x658 (size before relaxing)
 .debug_str     0x00001cfe       0x1c retry.o
                                0x240 (size before relaxing)
 .debug_str     0x00001d1a       0x41 TWI.o
                                0x2ea (size before relaxing)
 .debug_str     0x00001d5b      0x53f uart.o
                                0x7ff (size before relaxing)

.debug_loc      0x00000000     0x41cd
 *(.debug_loc)
 .debug_loc     0x00000000      0x1b3 encoder.o
 .debug_loc     0x000001b3     0x1fd0 main.o
 .debug_loc     0x00002183      0xe59 MPU6050.o
 .debug_loc     0x00002fdc      0x283 TWI.o
 .debug_loc     0x0000325f      0xf6e uart.o

.debug_macinfo
 *(.debug_macinfo)

.debug_weaknames
 *(.debug_weaknames)

.debug_funcnames
 *(.debug_funcnames)

.debug_typenames
 *(.debug_typenames)

.debug_varnames
 *(.debug_varnames)

.debug_pubtypes
 *(.debug_pubtypes)

.debug_ranges   0x00000000      0x440
 *(.debug_ranges)
 .debug_ranges  0x00000000       0x38 encoder.o
 .debug_ranges  0x00000038      0x178 main.o
 .debug_ranges  0x000001b0       0x88 MPU6050.o
 .debug_ranges  0x00000238       0x10 retry.o
 .debug_ranges  0x00000248       0x50 TWI.o
 .debug_ranges  0x00000298      0x1a8 uart.o

.debug_macro
 *(.debug_macro)
OUTPUT(Master.elf elf32-avr)
LOAD linker stubs
