Archive member included to satisfy reference by file (symbol)

c:/program files (x86)/atmel/studio/7.0/toolchain/avr8/avr8-gnu-toolchain/bin/../lib/gcc/avr/5.4.0/../../../../avr/lib/avr6\libm.a(addsf3.o)
                              main.o (__subsf3)
c:/program files (x86)/atmel/studio/7.0/toolchain/avr8/avr8-gnu-toolchain/bin/../lib/gcc/avr/5.4.0/../../../../avr/lib/avr6\libm.a(addsf3x.o)
                              c:/program files (x86)/atmel/studio/7.0/toolchain/avr8/avr8-gnu-toolchain/bin/../lib/gcc/avr/5.4.0/../../../../avr/lib/avr6\libm.a(addsf3.o) (__addsf3x)
c:/program files (x86)/atmel/studio/7.0/toolchain/avr8/avr8-gnu-toolchain/bin/../lib/gcc/avr/5.4.0/../../../../avr/lib/avr6\libm.a(atan2.o)
                              main.o (atan2)
c:/program files (x86)/atmel/studio/7.0/toolchain/avr8/avr8-gnu-toolchain/bin/../lib/gcc/avr/5.4.0/../../../../avr/lib/avr6\libm.a(atan.o)
                              c:/program files (x86)/atmel/studio/7.0/toolchain/avr8/avr8-gnu-toolchain/bin/../lib/gcc/avr/5.4.0/../../../../avr/lib/avr6\libm.a(atan2.o) (atan)
c:/program files (x86)/atmel/studio/7.0/toolchain/avr8/avr8-gnu-toolchain/bin/../lib/gcc/avr/5.4.0/../../../../avr/lib/avr6\libm.a(cmpsf2.o)
                              MPU6050.o (__nesf2)
c:/program files (x86)/atmel/studio/7.0/toolchain/avr8/avr8-gnu-toolchain/bin/../lib/gcc/avr/5.4.0/../../../../avr/lib/avr6\libm.a(cos.o)
                              main.o (cos)
c:/program files (x86)/atmel/studio/7.0/toolchain/avr8/avr8-gnu-toolchain/bin/../lib/gcc/avr/5.4.0/../../../../avr/lib/avr6\libm.a(divsf3.o)
                              encoder.o (__divsf3)
c:/program files (x86)/atmel/studio/7.0/toolchain/avr8/avr8-gnu-toolchain/bin/../lib/gcc/avr/5.4.0/../../../../avr/lib/avr6\libm.a(divsf3x.o)
                              c:/program files (x86)/atmel/studio/7.0/toolchain/avr8/avr8-gnu-toolchain/bin/../lib/gcc/avr/5.4.0/../../../../avr/lib/avr6\libm.a(divsf3.o) (__divsf3x)
c:/program files (x86)/atmel/studio/7.0/toolchain/avr8/avr8-gnu-toolchain/bin/../lib/gcc/avr/5.4.0/../../../../avr/lib/avr6\libm.a(fixsfsi.o)
                              main.o (__fixsfsi)
c:/program files (x86)/atmel/studio/7.0/toolchain/avr8/avr8-gnu-toolchain/bin/../lib/gcc/avr/5.4.0/../../../../avr/lib/avr6\libm.a(fixunssfsi.o)
                              main.o (__fixunssfsi)
c:/program files (x86)/atmel/studio/7.0/toolchain/avr8/avr8-gnu-toolchain/bin/../lib/gcc/avr/5.4.0/../../../../avr/lib/avr6\libm.a(floatsisf.o)
                              main.o (__floatunsisf)
c:/program files (x86)/atmel/studio/7.0/toolchain/avr8/avr8-gnu-toolchain/bin/../lib/gcc/avr/5.4.0/../../../../avr/lib/avr6\libm.a(fp_cmp.o)
                              c:/program files (x86)/atmel/studio/7.0/toolchain/avr8/avr8-gnu-toolchain/bin/../lib/gcc/avr/5.4.0/../../../../avr/lib/avr6\libm.a(cmpsf2.o) (__fp_cmp)
c:/program files (x86)/atmel/studio/7.0/toolchain/avr8/avr8-gnu-toolchain/bin/../lib/gcc/avr/5.4.0/../../../../avr/lib/avr6\libm.a(fp_inf.o)
                              c:/program files (x86)/atmel/studio/7.0/toolchain/avr8/avr8-gnu-toolchain/bin/../lib/gcc/avr/5.4.0/../../../../avr/lib/avr6\libm.a(addsf3x.o) (__fp_inf)
c:/program files (x86)/atmel/studio/7.0/toolchain/avr8/avr8-gnu-toolchain/bin/../lib/gcc/avr/5.4.0/../../../../avr/lib/avr6\libm.a(fp_nan.o)
                              c:/program files (x86)/atmel/studio/7.0/toolchain/avr8/avr8-gnu-toolchain/bin/../lib/gcc/avr/5.4.0/../../../../avr/lib/avr6\libm.a(addsf3x.o) (__fp_nan)
c:/program files (x86)/atmel/studio/7.0/toolchain/avr8/avr8-gnu-toolchain/bin/../lib/gcc/avr/5.4.0/../../../../avr/lib/avr6\libm.a(fp_powser.o)
                              c:/program files (x86)/atmel/studio/7.0/toolchain/avr8/avr8-gnu-toolchain/bin/../lib/gcc/avr/5.4.0/../../../../avr/lib/avr6\libm.a(atan.o) (__fp_powser)
c:/program files (x86)/atmel/studio/7.0/toolchain/avr8/avr8-gnu-toolchain/bin/../lib/gcc/avr/5.4.0/../../../../avr/lib/avr6\libm.a(fp_pscA.o)
                              c:/program files (x86)/atmel/studio/7.0/toolchain/avr8/avr8-gnu-toolchain/bin/../lib/gcc/avr/5.4.0/../../../../avr/lib/avr6\libm.a(addsf3x.o) (__fp_pscA)
c:/program files (x86)/atmel/studio/7.0/toolchain/avr8/avr8-gnu-toolchain/bin/../lib/gcc/avr/5.4.0/../../../../avr/lib/avr6\libm.a(fp_pscB.o)
                              c:/program files (x86)/atmel/studio/7.0/toolchain/avr8/avr8-gnu-toolchain/bin/../lib/gcc/avr/5.4.0/../../../../avr/lib/avr6\libm.a(addsf3x.o) (__fp_pscB)
c:/program files (x86)/atmel/studio/7.0/toolchain/avr8/avr8-gnu-toolchain/bin/../lib/gcc/avr/5.4.0/../../../../avr/lib/avr6\libm.a(fp_rempio2.o)
                              c:/program files (x86)/atmel/studio/7.0/toolchain/avr8/avr8-gnu-toolchain/bin/../lib/gcc/avr/5.4.0/../../../../avr/lib/avr6\libm.a(cos.o) (__fp_rempio2)
[...]
Memory Configuration

Name             Origin             Length             Attributes
text             0x00000000         0x00100000         xr
data             0x00800200         0x0000fe00         rw !x
eeprom           0x00810000         0x00010000         rw !x
fuse             0x00820000         0x00000003         rw !x
lock             0x00830000         0x00000400         rw !x
signature        0x00840000         0x00000400         rw !x
user_signatures  0x00850000         0x00000400         rw !x
*default*        0x00000000         0xffffffff

Linker script and memory map

Address of section .data set to 0x800200
LOAD C:/Program Files (x86)/Atmel/Studio/7.0/Packs/Atmel/ATmega_DFP/1.2.203/gcc/dev/atmega2560/avr6/crtatmega2560.o
LOAD encoder.o
LOAD main.o
LOAD MPU6050.o
LOAD TWI.o
LOAD uart.o
START GROUP
LOAD c:/program files (x86)/atmel/studio/7.0/toolchain/avr8/avr8-gnu-toolchain/bin/../lib/gcc/avr/5.4.0/../../../../avr/lib/avr6\libm.a
END GROUP
LOAD c:/program files (x86)/atmel/studio/7.0/toolchain/avr8/avr8-gnu-toolchain/bin/../lib/gcc/avr/5.4.0/avr6\libgcc.a
LOAD c:/program files (x86)/atmel/studio/7.0/toolchain/avr8/avr8-gnu-toolchain/bin/../lib/gcc/avr/5.4.0/../../../../avr/lib/avr6\libm.a
START GROUP
LOAD c:/program files (x86)/atmel/studio/7.0/toolchain/avr8/avr8-gnu-toolchain/bin/../lib/gcc/avr/5.4.0/avr6\libgcc.a
LOAD c:/program files (x86)/atmel/studio/7.0/toolchain/avr8/avr8-gnu-toolchain/bin/../lib/gcc/avr/5.4.0/../../../../avr/lib/avr6\libm.a
LOAD c:/program files (x86)/atmel/studio/7.0/toolchain/avr8/avr8-gnu-toolchain/bin/../lib/gcc/avr/5.4.0/../../../../avr/lib/avr6\libc.a
LOAD C:/Program Files (x86)/Atmel/Studio/7.0/Packs/Atmel/ATmega_DFP/1.2.203/gcc/dev/atmega2560/avr6\libatmega2560.a
END GROUP
                0x00100000                __TEXT_REGION_LENGTH__ = DEFINED (__TEXT_REGION_LENGTH__)?__TEXT_REGION_LENGTH__:0x100000
                0x0000fe00                __DATA_REGION_LENGTH__ = DEFINED (__DATA_REGION_LENGTH__)?__DATA_REGION_LENGTH__:0xfe00
                0x00010000                __EEPROM_REGION_LENGTH__ = DEFINED (__EEPROM_REGION_LENGTH__)?__EEPROM_REGION_LENGTH__:0x10000
                [0x00000003]                __FUSE_REGION_LENGTH__ = DEFINED (__FUSE_REGION_LENGTH__)?__FUSE_REGION_LENGTH__:0x400
                0x00000400                __LOCK_REGION_LENGTH__ = DEFINED (__LOCK_REGION_LENGTH__)?__LOCK_REGION_LENGTH__:0x400
                0x00000400                __SIGNATURE_REGION_LENGTH__ = DEFINED (__SIGNATURE_REGION_LENGTH__)?__SIGNATURE_REGION_LENGTH__:0x400
                0x00000400                __USER_SIGNATURE_REGION_LENGTH__ = DEFINED (__USER_SIGNATURE_REGION_LENGTH__)?__USER_SIGNATURE_REGION_LENGTH__:0x400

.hash
 *(.hash)

.dynsym
 *(.dynsym)

.dynstr
 *(.dynstr)

.gnu.version
 *(.gnu.version)

.gnu.version_d
 *(.gnu.version_d)

.gnu.version_r
 *(.gnu.version_r)

.rel.init
 *(.rel.init)

.rela.init
 *(.rela.init)

.rel.text
 *(.rel.text)
 *(.rel.text.*)
 *(.rel.gnu.linkonce.t*)

.rela.text
 *(.rela.text)
 *(.rela.text.*)
 *(.rela.gnu.linkonce.t*)

.rel.fini
 *(.rel.fini)

.rela.fini
 *(.rela.fini)

.rel.rodata
 *(.rel.rodata)
 *(.rel.rodata.*)
 *(.rel.gnu.linkonce.r*)

.rela.rodata
 *(.rela.rodata)
 *(.rela.rodata.*)
 *(.rela.gnu.linkonce.r*)

.rel.data
 *(.rel.data)
 *(.rel.data.*)
 *(.rel.gnu.linkonce.d*)

.rela.data
 *(.rela.data)
 *(.rela.data.*)
 *(.rela.gnu.linkonce.d*)

.rel.ctors
 *(.rel.ctors)

.rela.ctors
 *(.rela.ctors)

.rel.dtors
 *(.rel.dtors)

.rela.dtors
 *(.rela.dtors)

.rel.got
 *(.rel.got)

.rela.got
 *(.rela.got)

.rel.bss
 *(.rel.bss)

.rela.bss
 *(.rela.bss)

.rel.plt
 *(.rel.plt)

.rela.plt
 *(.rela.plt)

.text           0x00000000     0x4396
 *(.vectors)
 .vectors       0x00000000       0xe4 C:/Program Files (x86)/Atmel/Studio/7.0/Packs/Atmel/ATmega_DFP/1.2.203/gcc/dev/atmega2560/avr6/crtatmega2560.o
                0x00000000                __vector_default
                0x00000000                __vectors
 *(.vectors)
 *(.progmem.gcc*)
 .progmem.gcc_fplib
                0x000000e4       0x2d c:/program files (x86)/atmel/studio/7.0/toolchain/avr8/avr8-gnu-toolchain/bin/../lib/gcc/avr/5.4.0/../../../../avr/lib/avr6\libm.a(atan.o)
 .progmem.gcc_fplib
                0x00000111       0x1e c:/program files (x86)/atmel/studio/7.0/toolchain/avr8/avr8-gnu-toolchain/bin/../lib/gcc/avr/5.4.0/../../../../avr/lib/avr6\libm.a(fp_sinus.o)
                0x00000130                . = ALIGN (0x2)
 *fill*         0x0000012f        0x1 
                0x00000130                __trampolines_start = .
 *(.trampolines)
 .trampolines   0x00000130        0x0 linker stubs
 *(.trampolines*)
                0x00000130                __trampolines_end = .
 *libprintf_flt.a:*(.progmem.data)
 *libc.a:*(.progmem.data)
 *(.progmem*)
                0x00000130                . = ALIGN (0x2)
 *(.jumptables)
 *(.jumptables*)
 *(.lowtext)
 *(.lowtext*)
                0x00000130                __ctors_start = .
 *(.ctors)
 .ctors         0x00000130        0x2 main.o
                0x00000132                __ctors_end = .
                0x00000132                __dtors_start = .
 *(.dtors)
                0x00000132                __dtors_end = .
 SORT(*)(.ctors)
 SORT(*)(.dtors)
 *(.init0)
 .init0         0x00000132        0x0 C:/Program Files (x86)/Atmel/Studio/7.0/Packs/Atmel/ATmega_DFP/1.2.203/gcc/dev/atmega2560/avr6/crtatmega2560.o
                0x00000132                __init
 *(.init0)
 *(.init1)
 *(.init1)
 *(.init2)
 .init2         0x00000132       0x10 C:/Program Files (x86)/Atmel/Studio/7.0/Packs/Atmel/ATmega_DFP/1.2.203/gcc/dev/atmega2560/avr6/crtatmega2560.o
 *(.init2)
 *(.init3)
 *(.init3)
 *(.init4)
 .init4         0x00000142       0x1a c:/program files (x86)/atmel/studio/7.0/toolchain/avr8/avr8-gnu-toolchain/bin/../lib/gcc/avr/5.4.0/avr6\libgcc.a(_copy_data.o)
                0x00000142                __do_copy_data
 .init4         0x0000015c       0x10 c:/program files (x86)/atmel/studio/7.0/toolchain/avr8/avr8-gnu-toolchain/bin/../lib/gcc/avr/5.4.0/avr6\libgcc.a(_clear_bss.o)
                0x0000015c                __do_clear_bss
 *(.init4)
 *(.init5)
 *(.init5)
 *(.init6)
 .init6         0x0000016c       0x20 c:/program files (x86)/atmel/studio/7.0/toolchain/avr8/avr8-gnu-toolchain/bin/../lib/gcc/avr/5.4.0/avr6\libgcc.a(_ctors.o)
                0x0000016c                __do_global_ctors
 *(.init6)
 *(.init7)
 *(.init7)
 *(.init8)
 *(.init8)
 *(.init9)
 .init9         0x0000018c        0x8 C:/Program Files (x86)/Atmel/Studio/7.0/Packs/Atmel/ATmega_DFP/1.2.203/gcc/dev/atmega2560/avr6/crtatmega2560.o
 *(.init9)
 *(.text)
 .text          0x00000194        0x2 C:/Program Files (x86)/Atmel/Studio/7.0/Packs/Atmel/ATmega_DFP/1.2.203/gcc/dev/atmega2560/avr6/crtatmega2560.o
                0x00000194                __vector_38
                0x00000194                __vector_22
                0x00000194                __vector_28
                0x00000194                __vector_1
                0x00000194                __vector_32
                0x00000194                __vector_34
                0x00000194                __vector_24
                0x00000194                __vector_12
                0x00000194                __vector_46
                0x00000194                __bad_interrupt
                0x00000194                __vector_31
                0x00000194                __vector_35
                0x00000194                __vector_39
                0x00000194                __vector_30
                0x00000194                __vector_45
                0x00000194                __vector_13
                0x00000194                __vector_17
                0x00000194                __vector_19
                0x00000194                __vector_56
                0x00000194                __vector_7
                0x00000194                __vector_49
                0x00000194                __vector_41
                0x00000194                __vector_43
                0x00000194                __vector_27
                0x00000194                __vector_5
                0x00000194                __vector_33
                0x00000194                __vector_47
                0x00000194                __vector_4
                0x00000194                __vector_44
                0x00000194                __vector_2
                0x00000194                __vector_21
                0x00000194                __vector_29
                0x00000194                __vector_40
                0x00000194                __vector_8
                0x00000194                __vector_48
                0x00000194                __vector_14
                0x00000194                __vector_53
                0x00000194                __vector_10
                0x00000194                __vector_50
                0x00000194                __vector_16
                0x00000194                __vector_18
                0x00000194                __vector_20
                0x00000194                __vector_42
                0x00000196                . = ALIGN (0x2)
 *(.text.*)
 .text._ZN7encoder22Init_encoder_interruptEv
                0x00000196       0x16 encoder.o
                0x00000196                _ZN7encoder22Init_encoder_interruptEv
 .text._ZN7encoder10Init_timerEv
                0x000001ac       0x10 encoder.o
                0x000001ac                _ZN7encoder10Init_timerEv
 .text._ZN7encoder11getdistanceEv
                0x000001bc       0x3c encoder.o
                0x000001bc                _ZN7encoder11getdistanceEv
 .text.__vector_3
                0x000001f8       0x4e encoder.o
                0x000001f8                __vector_3
 .text.__vector_6
                0x00000246       0x4e encoder.o
                0x00000246                __vector_6
 .text.__vector_23
                0x00000294       0x2e encoder.o
                0x00000294                __vector_23
 .text._Z13init_HMC5883Lv
                0x000002c2       0x48 main.o
                0x000002c2                _Z13init_HMC5883Lv
 .text._Z12read_Compassv
                0x0000030a       0x82 main.o
                0x0000030a                _Z12read_Compassv
 .text._Z6millisv
                0x0000038c       0x18 main.o
                0x0000038c                _Z6millisv
 .text._Z21initialise_timeperiodv
                0x000003a4       0x1a main.o
                0x000003a4                _Z21initialise_timeperiodv
 .text.__vector_15
                0x000003be       0xd8 main.o
                0x000003be                __vector_15
 .text._Z8initGY88v
                0x00000496       0x2a main.o
                0x00000496                _Z8initGY88v
 .text._Z25compass_tilt_compensationfffff
                0x000004c0      0x17c main.o
                0x000004c0                _Z25compass_tilt_compensationfffff
 .text._Z24getAverageCompensatedYawv
                0x0000063c      0x13e main.o
                0x0000063c                _Z24getAverageCompensatedYawv
 .text._Z10getYawGY88v
                0x0000077a      0x2e2 main.o
                0x0000077a                _Z10getYawGY88v
 .text._Z13initializeAllv
                0x00000a5c      0x150 main.o
                0x00000a5c                _Z13initializeAllv
 .text._Z10BrakeMotorv
                0x00000bac       0x1e main.o
                0x00000bac                _Z10BrakeMotorv
 .text._Z15sendDataToSlavev
                0x00000bca       0x2c main.o
                0x00000bca                _Z15sendDataToSlavev
 .text._Z21Goto_Fence_And_Detectv
                0x00000bf6      0x150 main.o
                0x00000bf6                _Z21Goto_Fence_And_Detectv
 .text._Z19calculateCompassPIDv
                0x00000d46      0x33c main.o
                0x00000d46                _Z19calculateCompassPIDv
 .text._Z12calculatevelv
                0x00001082      0x186 main.o
                0x00001082                _Z12calculatevelv
 .text._Z4movxiij
                0x00001208      0x356 main.o
                0x00001208                _Z4movxiij
 .text._Z9movDegreei
                0x0000155e      0x184 main.o
                0x0000155e                _Z9movDegreei
 .text._Z27Get_Front_LinetrackerY_Datav
                0x000016e2       0x32 main.o
                0x000016e2                _Z27Get_Front_LinetrackerY_Datav
 .text._Z26Get_Back_LinetrackerY_Datav
                0x00001714      0x182 main.o
                0x00001714                _Z26Get_Back_LinetrackerY_Datav
 .text._Z32Calculate_Front_LinetrackerY_Pidv
                0x00001896      0x202 main.o
                0x00001896                _Z32Calculate_Front_LinetrackerY_Pidv
 .text._Z31Calculate_Back_LinetrackerY_Pidv
                0x00001a98      0x204 main.o
                0x00001a98                _Z31Calculate_Back_LinetrackerY_Pidv
 .text._Z18Calculate_Velocityv
                0x00001c9c       0x70 main.o
                0x00001c9c                _Z18Calculate_Velocityv
 .text._Z55Calculate_Motor_Differential_Velocity_With_Center_Pivoti
                0x00001d0c       0x92 main.o
                0x00001d0c                _Z55Calculate_Motor_Differential_Velocity_With_Center_Pivoti
 .text._Z15movYForwardSlowj
                0x00001d9e       0x60 main.o
                0x00001d9e                _Z15movYForwardSlowj
 .text._Z10Move_Yaxisiij
                0x00001dfe      0x2d0 main.o
                0x00001dfe                _Z10Move_Yaxisiij
 .text._Z13Hold_Positionv
                0x000020ce       0x5c main.o
                0x000020ce                _Z13Hold_Positionv
 .text._Z14updateZoneflagv
                0x0000212a      0x164 main.o
                0x0000212a                _Z14updateZoneflagv
 .text._Z18gorockthegamefieldv
                0x0000228e      0xa4e main.o
                0x0000228e                _Z18gorockthegamefieldv
 .text.__vector_9
                0x00002cdc       0xa4 main.o
                0x00002cdc                __vector_9
 .text.__vector_11
                0x00002d80       0xe2 main.o
                0x00002d80                __vector_11
 .text.main     0x00002e62       0x60 main.o
                0x00002e62                main
 .text._GLOBAL__sub_I_compassPID
                0x00002ec2       0x80 main.o
 .text._ZN7MPU6050C2Ev
                0x00002f42       0x9c MPU6050.o
                0x00002f42                _ZN7MPU6050C2Ev
                0x00002f42                _ZN7MPU6050C1Ev
 .text._ZN7MPU60504InitEv
                0x00002fde       0x68 MPU6050.o
                0x00002fde                _ZN7MPU60504InitEv
 .text._ZN7MPU605017startReadLocationEh
                0x00003046       0x14 MPU6050.o
                0x00003046                _ZN7MPU605017startReadLocationEh
 .text._ZN7MPU605012readRawAccelEv
                0x0000305a       0xc6 MPU6050.o
                0x0000305a                _ZN7MPU605012readRawAccelEv
 .text._ZN7MPU605018readNormalizeAccelEv
                0x00003120       0xbc MPU6050.o
                0x00003120                _ZN7MPU605018readNormalizeAccelEv
 .text._ZN7MPU605011readRawGyroEv
                0x000031dc       0x9a MPU6050.o
                0x000031dc                _ZN7MPU605011readRawGyroEv
 .text._ZN7MPU605012setThresholdEh
                0x00003276       0xcc MPU6050.o
                0x00003276                _ZN7MPU605012setThresholdEh
 .text._ZN7MPU605013calibrateGyroEh
                0x00003342      0x316 MPU6050.o
                0x00003342                _ZN7MPU605013calibrateGyroEh
 .text._ZN7MPU60508rateGyroEv
                0x00003658       0xb2 MPU6050.o
                0x00003658                _ZN7MPU60508rateGyroEv
 .text._ZN7MPU605012getGyroRateXEv
                0x0000370a       0x10 MPU6050.o
                0x0000370a                _ZN7MPU605012getGyroRateXEv
 .text._ZN7MPU605012getGyroRateYEv
                0x0000371a       0x10 MPU6050.o
                0x0000371a                _ZN7MPU605012getGyroRateYEv
 .text._ZN7MPU605012getGyroRateZEv
                0x0000372a       0x10 MPU6050.o
                0x0000372a                _ZN7MPU605012getGyroRateZEv
 .text._Z8i2c_initv
                0x0000373a        0xc TWI.o
                0x0000373a                _Z8i2c_initv
 .text._Z9i2c_starth
                0x00003746       0x4e TWI.o
                0x00003746                _Z9i2c_starth
 .text._Z13i2c_rep_starth
                0x00003794        0x4 TWI.o
                0x00003794                _Z13i2c_rep_starth
 .text._Z8i2c_stopv
                0x00003798       0x12 TWI.o
                0x00003798                _Z8i2c_stopv
 .text._Z14i2c_start_waith
                0x000037aa       0x76 TWI.o
                0x000037aa                _Z14i2c_start_waith
 .text._Z9i2c_writeh
                0x00003820       0x24 TWI.o
                0x00003820                _Z9i2c_writeh
 .text._Z11i2c_readAckv
                0x00003844       0x16 TWI.o
                0x00003844                _Z11i2c_readAckv
 .text._Z11i2c_readNakv
                0x0000385a       0x16 TWI.o
                0x0000385a                _Z11i2c_readNakv
 .text.__vector_25
                0x00003870       0x5e uart.o
                0x00003870                __vector_25
 .text.__vector_26
                0x000038ce       0x5c uart.o
                0x000038ce                __vector_26
 .text._Z10uart0_initj
                0x0000392a       0x32 uart.o
                0x0000392a                _Z10uart0_initj
 .text._Z10uart0_putch
                0x0000395c       0x2a uart.o
                0x0000395c                _Z10uart0_putch
 .text._Z10uart0_putsPKc
                0x00003986       0x1c uart.o
                0x00003986                _Z10uart0_putsPKc
 .text.__vector_36
                0x000039a2       0x5e uart.o
                0x000039a2                __vector_36
 .text.__vector_37
                0x00003a00       0x5c uart.o
                0x00003a00                __vector_37
 .text.__vector_51
                0x00003a5c       0x20 uart.o
                0x00003a5c                __vector_51
 .text.__vector_52
                0x00003a7c       0x5c uart.o
                0x00003a7c                __vector_52
 .text._Z10uart2_initj
                0x00003ad8       0x32 uart.o
                0x00003ad8                _Z10uart2_initj
 .text._Z10uart2_getcv
                0x00003b0a        0x8 uart.o
                0x00003b0a                _Z10uart2_getcv
 .text._Z10uart2_putch
                0x00003b12       0x2a uart.o
                0x00003b12                _Z10uart2_putch
 .text.__vector_54
                0x00003b3c       0x5e uart.o
                0x00003b3c                __vector_54
 .text.__vector_55
                0x00003b9a       0x5c uart.o
                0x00003b9a                __vector_55
 .text._Z10uart3_initj
                0x00003bf6       0x32 uart.o
                0x00003bf6                _Z10uart3_initj
 .text._Z10uart3_getcv
                0x00003c28       0x36 uart.o
                0x00003c28                _Z10uart3_getcv
 .text._Z10uart3_putch
                0x00003c5e       0x2a uart.o
                0x00003c5e                _Z10uart3_putch
 .text.avr-libc.fplib
                0x00003c88        0xa c:/program files (x86)/atmel/studio/7.0/toolchain/avr8/avr8-gnu-toolchain/bin/../lib/gcc/avr/5.4.0/../../../../avr/lib/avr6\libm.a(addsf3.o)
                0x00003c88                __subsf3
                0x00003c8a                __addsf3
 .text.avr-libc.fplib
                0x00003c92       0xc0 c:/program files (x86)/atmel/studio/7.0/toolchain/avr8/avr8-gnu-toolchain/bin/../lib/gcc/avr/5.4.0/../../../../avr/lib/avr6\libm.a(addsf3x.o)
                0x00003cac                __addsf3x
 .text.avr-libc.fplib
                0x00003d52       0x74 c:/program files (x86)/atmel/studio/7.0/toolchain/avr8/avr8-gnu-toolchain/bin/../lib/gcc/avr/5.4.0/../../../../avr/lib/avr6\libm.a(atan2.o)
                0x00003d70                atan2
 .text.avr-libc.fplib
                0x00003dc6       0x50 c:/program files (x86)/atmel/studio/7.0/toolchain/avr8/avr8-gnu-toolchain/bin/../lib/gcc/avr/5.4.0/../../../../avr/lib/avr6\libm.a(atan.o)
                0x00003dc6                atan
 .text.avr-libc.fplib
                0x00003e16        0x8 c:/program files (x86)/atmel/studio/7.0/toolchain/avr8/avr8-gnu-toolchain/bin/../lib/gcc/avr/5.4.0/../../../../avr/lib/avr6\libm.a(cmpsf2.o)
                0x00003e16                __nesf2
                0x00003e16                __eqsf2
                0x00003e16                __cmpsf2
                0x00003e16                __ltsf2
                0x00003e16                __lesf2
 .text.avr-libc.fplib
                0x00003e1e        0x6 c:/program files (x86)/atmel/studio/7.0/toolchain/avr8/avr8-gnu-toolchain/bin/../lib/gcc/avr/5.4.0/../../../../avr/lib/avr6\libm.a(cos.o)
                0x00003e1e                cos
 .text.avr-libc.fplib
                0x00003e24        0x4 c:/program files (x86)/atmel/studio/7.0/toolchain/avr8/avr8-gnu-toolchain/bin/../lib/gcc/avr/5.4.0/../../../../avr/lib/avr6\libm.a(divsf3.o)
                0x00003e24                __divsf3
 .text.avr-libc.fplib
                0x00003e28       0xcc c:/program files (x86)/atmel/studio/7.0/toolchain/avr8/avr8-gnu-toolchain/bin/../lib/gcc/avr/5.4.0/../../../../avr/lib/avr6\libm.a(divsf3x.o)
                0x00003e3e                __divsf3x
                0x00003e42                __divsf3_pse
 .text.avr-libc.fplib
                0x00003ef4        0xa c:/program files (x86)/atmel/studio/7.0/toolchain/avr8/avr8-gnu-toolchain/bin/../lib/gcc/avr/5.4.0/../../../../avr/lib/avr6\libm.a(fixsfsi.o)
                0x00003ef4                __fixsfsi
 .text.avr-libc.fplib
                0x00003efe       0x58 c:/program files (x86)/atmel/studio/7.0/toolchain/avr8/avr8-gnu-toolchain/bin/../lib/gcc/avr/5.4.0/../../../../avr/lib/avr6\libm.a(fixunssfsi.o)
                0x00003efe                __fixunssfsi
 .text.avr-libc.fplib
                0x00003f56       0x7a c:/program files (x86)/atmel/studio/7.0/toolchain/avr8/avr8-gnu-toolchain/bin/../lib/gcc/avr/5.4.0/../../../../avr/lib/avr6\libm.a(floatsisf.o)
                0x00003f56                __floatunsisf
                0x00003f5a                __floatsisf
 .text.avr-libc.fplib
                0x00003fd0       0x48 c:/program files (x86)/atmel/studio/7.0/toolchain/avr8/avr8-gnu-toolchain/bin/../lib/gcc/avr/5.4.0/../../../../avr/lib/avr6\libm.a(fp_cmp.o)
                0x00003fd0                __fp_cmp
 .text.avr-libc.fplib
                0x00004018        0xc c:/program files (x86)/atmel/studio/7.0/toolchain/avr8/avr8-gnu-toolchain/bin/../lib/gcc/avr/5.4.0/../../../../avr/lib/avr6\libm.a(fp_inf.o)
                0x00004018                __fp_inf
 .text.avr-libc.fplib
                0x00004024        0x6 c:/program files (x86)/atmel/studio/7.0/toolchain/avr8/avr8-gnu-toolchain/bin/../lib/gcc/avr/5.4.0/../../../../avr/lib/avr6\libm.a(fp_nan.o)
                0x00004024                __fp_nan
 .text.avr-libc.fplib
                0x0000402a       0x4a c:/program files (x86)/atmel/studio/7.0/toolchain/avr8/avr8-gnu-toolchain/bin/../lib/gcc/avr/5.4.0/../../../../avr/lib/avr6\libm.a(fp_powser.o)
                0x0000402a                __fp_powser
 .text.avr-libc.fplib
                0x00004074        0xe c:/program files (x86)/atmel/studio/7.0/toolchain/avr8/avr8-gnu-toolchain/bin/../lib/gcc/avr/5.4.0/../../../../avr/lib/avr6\libm.a(fp_pscA.o)
                0x00004074                __fp_pscA
 .text.avr-libc.fplib
                0x00004082        0xe c:/program files (x86)/atmel/studio/7.0/toolchain/avr8/avr8-gnu-toolchain/bin/../lib/gcc/avr/5.4.0/../../../../avr/lib/avr6\libm.a(fp_pscB.o)
                0x00004082                __fp_pscB
 .text.avr-libc.fplib
                0x00004090       0x50 c:/program files (x86)/atmel/studio/7.0/toolchain/avr8/avr8-gnu-toolchain/bin/../lib/gcc/avr/5.4.0/../../../../avr/lib/avr6\libm.a(fp_rempio2.o)
                0x00004092                __fp_rempio2
 .text.avr-libc.fplib
                0x000040e0       0x22 c:/program files (x86)/atmel/studio/7.0/toolchain/avr8/avr8-gnu-toolchain/bin/../lib/gcc/avr/5.4.0/../../../../avr/lib/avr6\libm.a(fp_round.o)
                0x000040e0                __fp_round
 .text.avr-libc.fplib
                0x00004102       0x22 c:/program files (x86)/atmel/studio/7.0/toolchain/avr8/avr8-gnu-toolchain/bin/../lib/gcc/avr/5.4.0/../../../../avr/lib/avr6\libm.a(fp_sinus.o)
                0x00004102                __fp_sinus
 .text.avr-libc.fplib
                0x00004124       0x44 c:/program files (x86)/atmel/studio/7.0/toolchain/avr8/avr8-gnu-toolchain/bin/../lib/gcc/avr/5.4.0/../../../../avr/lib/avr6\libm.a(fp_split3.o)
                0x00004124                __fp_split3
                0x00004134                __fp_splitA
 .text.avr-libc.fplib
                0x00004168        0xe c:/program files (x86)/atmel/studio/7.0/toolchain/avr8/avr8-gnu-toolchain/bin/../lib/gcc/avr/5.4.0/../../../../avr/lib/avr6\libm.a(fp_zero.o)
                0x00004168                __fp_zero
                0x0000416a                __fp_szero
 .text.avr-libc.fplib
                0x00004176        0x8 c:/program files (x86)/atmel/studio/7.0/toolchain/avr8/avr8-gnu-toolchain/bin/../lib/gcc/avr/5.4.0/../../../../avr/lib/avr6\libm.a(gesf2.o)
                0x00004176                __gesf2
                0x00004176                __gtsf2
 .text.avr-libc.fplib
                0x0000417e        0xe c:/program files (x86)/atmel/studio/7.0/toolchain/avr8/avr8-gnu-toolchain/bin/../lib/gcc/avr/5.4.0/../../../../avr/lib/avr6\libm.a(inverse.o)
                0x0000417e                inverse
 .text.avr-libc.fplib
                0x0000418c        0x4 c:/program files (x86)/atmel/studio/7.0/toolchain/avr8/avr8-gnu-toolchain/bin/../lib/gcc/avr/5.4.0/../../../../avr/lib/avr6\libm.a(mulsf3.o)
                0x0000418c                __mulsf3
 .text.avr-libc.fplib
                0x00004190       0xc2 c:/program files (x86)/atmel/studio/7.0/toolchain/avr8/avr8-gnu-toolchain/bin/../lib/gcc/avr/5.4.0/../../../../avr/lib/avr6\libm.a(mulsf3x.o)
                0x000041a4                __mulsf3x
                0x000041a8                __mulsf3_pse
 .text.avr-libc.fplib
                0x00004252        0xc c:/program files (x86)/atmel/studio/7.0/toolchain/avr8/avr8-gnu-toolchain/bin/../lib/gcc/avr/5.4.0/../../../../avr/lib/avr6\libm.a(sin.o)
                0x00004252                sin
 .text.avr-libc.fplib
                0x0000425e       0x84 c:/program files (x86)/atmel/studio/7.0/toolchain/avr8/avr8-gnu-toolchain/bin/../lib/gcc/avr/5.4.0/../../../../avr/lib/avr6\libm.a(sqrt.o)
                0x00004266                sqrtf
                0x00004266                sqrt
 .text.avr-libc.fplib
                0x000042e2        0x6 c:/program files (x86)/atmel/studio/7.0/toolchain/avr8/avr8-gnu-toolchain/bin/../lib/gcc/avr/5.4.0/../../../../avr/lib/avr6\libm.a(square.o)
                0x000042e2                square
 .text.avr-libc.fplib
                0x000042e8       0x1c c:/program files (x86)/atmel/studio/7.0/toolchain/avr8/avr8-gnu-toolchain/bin/../lib/gcc/avr/5.4.0/../../../../avr/lib/avr6\libm.a(fp_mpack.o)
                0x000042e8                __fp_mpack
                0x000042ec                __fp_mpack_finite
 .text.avr-libc.fplib
                0x00004304        0xe c:/program files (x86)/atmel/studio/7.0/toolchain/avr8/avr8-gnu-toolchain/bin/../lib/gcc/avr/5.4.0/../../../../avr/lib/avr6\libm.a(fp_norm2.o)
                0x00004304                __fp_norm2
 .text.avr-libc.fplib
                0x00004312       0x22 c:/program files (x86)/atmel/studio/7.0/toolchain/avr8/avr8-gnu-toolchain/bin/../lib/gcc/avr/5.4.0/../../../../avr/lib/avr6\libm.a(fp_powsodd.o)
                0x00004312                __fp_powsodd
 .text.libgcc.div
                0x00004334       0x26 c:/program files (x86)/atmel/studio/7.0/toolchain/avr8/avr8-gnu-toolchain/bin/../lib/gcc/avr/5.4.0/avr6\libgcc.a(_divmodhi4.o)
                0x00004334                _div
                0x00004334                __divmodhi4
 .text.libgcc.div
                0x0000435a       0x28 c:/program files (x86)/atmel/studio/7.0/toolchain/avr8/avr8-gnu-toolchain/bin/../lib/gcc/avr/5.4.0/avr6\libgcc.a(_udivmodhi4.o)
                0x0000435a                __udivmodhi4
 .text.libgcc   0x00004382       0x10 c:/program files (x86)/atmel/studio/7.0/toolchain/avr8/avr8-gnu-toolchain/bin/../lib/gcc/avr/5.4.0/avr6\libgcc.a(_tablejump2.o)
                0x00004382                __tablejump2__
                0x00004392                . = ALIGN (0x2)
 *(.fini9)
 .fini9         0x00004392        0x0 c:/program files (x86)/atmel/studio/7.0/toolchain/avr8/avr8-gnu-toolchain/bin/../lib/gcc/avr/5.4.0/avr6\libgcc.a(_exit.o)
                0x00004392                _exit
                0x00004392                exit
 *(.fini9)
 *(.fini8)
 *(.fini8)
 *(.fini7)
 *(.fini7)
 *(.fini6)
 *(.fini6)
 *(.fini5)
 *(.fini5)
 *(.fini4)
 *(.fini4)
 *(.fini3)
 *(.fini3)
 *(.fini2)
 *(.fini2)
 *(.fini1)
 *(.fini1)
 *(.fini0)
 .fini0         0x00004392        0x4 c:/program files (x86)/atmel/studio/7.0/toolchain/avr8/avr8-gnu-toolchain/bin/../lib/gcc/avr/5.4.0/avr6\libgcc.a(_exit.o)
 *(.fini0)
                0x00004396                _etext = .

.data           0x00800200       0x76 load address 0x00004396
                0x00800200                PROVIDE (__data_start, .)
 *(.data)
 *(.data*)
 .data.PidUpdateFlagDriveY
                0x00800200        0x1 encoder.o
                0x00800200                PidUpdateFlagDriveY
 .data.PidUpdateFlagDriveX
                0x00800201        0x1 encoder.o
                0x00800201                PidUpdateFlagDriveX
 .data.PidUpdateFlagCompass
                0x00800202        0x1 encoder.o
                0x00800202                PidUpdateFlagCompass
 .data.PidUpdateFlagLinetrackerFront
                0x00800203        0x1 encoder.o
                0x00800203                PidUpdateFlagLinetrackerFront
 .data.PidUpdateFlagLinetrackerBack
                0x00800204        0x1 encoder.o
                0x00800204                PidUpdateFlagLinetrackerBack
 .data.robotState
                0x00800205        0x2 main.o
                0x00800205                robotState
 .data.sendoncetorotateGeneva
                0x00800207        0x1 main.o
                0x00800207                sendoncetorotateGeneva
 .data.ManualInFrontOfLZ2
                0x00800208        0x1 main.o
                0x00800208                ManualInFrontOfLZ2
 .data._previous_data_of_back_linetracker
                0x00800209        0x1 main.o
                0x00800209                _previous_data_of_back_linetracker
 .data._previous_data_of_front_linetracker
                0x0080020a        0x1 main.o
                0x0080020a                _previous_data_of_front_linetracker
 .data._direction
                0x0080020b        0x1 main.o
                0x0080020b                _direction
 .data._axis    0x0080020c        0x1 main.o
                0x0080020c                _axis
 .data._direction_matrix
                0x0080020d       0x14 main.o
                0x0080020d                _direction_matrix
 .data.lineMeet
                0x00800221        0x1 main.o
                0x00800221                lineMeet
 .data.inverseKinematicsTrue
                0x00800222        0x1 main.o
                0x00800222                inverseKinematicsTrue
 .data.startingAtFront
                0x00800223        0x1 main.o
                0x00800223                startingAtFront
 .data.coupling_matrix
                0x00800224       0x30 main.o
                0x00800224                coupling_matrix
 .data.first_data_time_of_limit_switches_pressed
                0x00800254        0x1 main.o
                0x00800254                first_data_time_of_limit_switches_pressed
 .data.readFirstData
                0x00800255        0x1 main.o
                0x00800255                readFirstData
 .data.FlagInitialAngleSetpoint
                0x00800256        0x1 main.o
                0x00800256                FlagInitialAngleSetpoint
 .data.linetrackerPID
                0x00800257        0x1 main.o
                0x00800257                linetrackerPID
 .data.compassPID
                0x00800258        0x1 main.o
                0x00800258                compassPID
 *(.gnu.linkonce.d*)
 *(.rodata)
 *(.rodata*)
 .rodata.str1.1
                0x00800259        0xd main.o
 .rodata._ZL6weight
                0x00800266       0x10 main.o
 *(.gnu.linkonce.r*)
                0x00800276                . = ALIGN (0x2)
                0x00800276                _edata = .
                0x00800276                PROVIDE (__data_end, .)

.bss            0x00800276      0x2f0
                0x00800276                PROVIDE (__bss_start, .)
 *(.bss)
 *(.bss*)
 .bss.encoderY  0x00800276        0x8 main.o
                0x00800276                encoderY
 .bss.encoderX  0x0080027e        0x8 main.o
                0x0080027e                encoderX
 .bss.receiveAck
                0x00800286        0x1 main.o
                0x00800286                receiveAck
 .bss.xJunctionMeetFromTZ2
                0x00800287        0x1 main.o
                0x00800287                xJunctionMeetFromTZ2
 .bss.task9     0x00800288        0x1 main.o
                0x00800288                task9
 .bss.task8     0x00800289        0x1 main.o
                0x00800289                task8
 .bss.task7     0x0080028a        0x1 main.o
                0x0080028a                task7
 .bss.task6     0x0080028b        0x1 main.o
                0x0080028b                task6
 .bss.task5     0x0080028c        0x1 main.o
                0x0080028c                task5
 .bss.task4     0x0080028d        0x1 main.o
                0x0080028d                task4
 .bss.task3     0x0080028e        0x1 main.o
                0x0080028e                task3
 .bss.task2     0x0080028f        0x1 main.o
                0x0080028f                task2
 .bss.task1     0x00800290        0x1 main.o
                0x00800290                task1
 .bss.where     0x00800291        0x2 main.o
                0x00800291                where
 .bss.gotoLZ2   0x00800293        0x1 main.o
                0x00800293                gotoLZ2
 .bss.backtoLZ2
                0x00800294        0x1 main.o
                0x00800294                backtoLZ2
 .bss.backtoLZ1
                0x00800295        0x1 main.o
                0x00800295                backtoLZ1
 .bss.GoThrowingZone3
                0x00800296        0x1 main.o
                0x00800296                GoThrowingZone3
 .bss.GoThrowingZone2
                0x00800297        0x1 main.o
                0x00800297                GoThrowingZone2
 .bss.GoThrowingZone1
                0x00800298        0x1 main.o
                0x00800298                GoThrowingZone1
 .bss._b_Transmit_once
                0x00800299        0x1 main.o
                0x00800299                _b_Transmit_once
 .bss.ShuttleCockArmGone
                0x0080029a        0x1 main.o
                0x0080029a                ShuttleCockArmGone
 .bss.GoldenRackGiven
                0x0080029b        0x1 main.o
                0x0080029b                GoldenRackGiven
 .bss.ShuttleCockGiven
                0x0080029c        0x1 main.o
                0x0080029c                ShuttleCockGiven
 .bss.BackLinetrackerY_
                0x0080029d       0x21 main.o
                0x0080029d                BackLinetrackerY_
 .bss.FrontLinetrackerY_
                0x008002be       0x21 main.o
                0x008002be                FrontLinetrackerY_
 .bss.driveY    0x008002df       0x21 main.o
                0x008002df                driveY
 .bss.driveX    0x00800300       0x21 main.o
                0x00800300                driveX
 .bss.compass   0x00800321       0x21 main.o
                0x00800321                compass
 .bss.ltYBack   0x00800342       0x21 main.o
                0x00800342                ltYBack
 .bss.ltYFront  0x00800363       0x21 main.o
                0x00800363                ltYFront
 .bss._ZL7lineBit
                0x00800384       0x10 main.o
 .bss._ZL9totalLine
                0x00800394        0x4 main.o
 .bss._ZL8totalSum
                0x00800398        0x4 main.o
 .bss._ZL16linetracker_data
                0x0080039c        0x1 main.o
 .bss._ZL9linestate
                0x0080039d        0x1 main.o
 .bss.movingyback
                0x0080039e        0x1 main.o
                0x0080039e                movingyback
 .bss.movingyfront
                0x0080039f        0x1 main.o
                0x0080039f                movingyfront
 .bss.movingxback
                0x008003a0        0x1 main.o
                0x008003a0                movingxback
 .bss.movingxfront
                0x008003a1        0x1 main.o
                0x008003a1                movingxfront
 .bss.initialCompassAngle
                0x008003a2        0x2 main.o
                0x008003a2                initialCompassAngle
 .bss.distanceY
                0x008003a4        0x2 main.o
                0x008003a4                distanceY
 .bss.distanceX
                0x008003a6        0x2 main.o
                0x008003a6                distanceX
 .bss.velocity_robot
                0x008003a8        0x6 main.o
                0x008003a8                velocity_robot
 .bss.velocity_motor
                0x008003ae        0x8 main.o
                0x008003ae                velocity_motor
 .bss.bufferMotorSpeed
                0x008003b6        0x4 main.o
                0x008003b6                bufferMotorSpeed
 .bss.time_of_limit_switches_pressed
                0x008003ba        0x4 main.o
                0x008003ba                time_of_limit_switches_pressed
 .bss.startTime
                0x008003be        0x4 main.o
                0x008003be                startTime
 .bss.normAccel
                0x008003c2        0xc main.o
                0x008003c2                normAccel
 .bss.previousTime
                0x008003ce        0x4 main.o
                0x008003ce                previousTime
 .bss._ZL12filtered_yaw
                0x008003d2        0x4 main.o
 .bss._ZL14filtered_pitch
                0x008003d6        0x4 main.o
 .bss._ZL13filtered_roll
                0x008003da        0x4 main.o
 .bss._ZL14unfiltered_yaw
                0x008003de        0x4 main.o
 .bss._ZL16unfiltered_pitch
                0x008003e2        0x4 main.o
 .bss._ZL15unfiltered_roll
                0x008003e6        0x4 main.o
 .bss._ZL3mpu   0x008003ea       0x79 main.o
 .bss.timer2_fract
                0x00800463        0x4 main.o
                0x00800463                timer2_fract
 .bss.timer2_millis
                0x00800467        0x4 main.o
                0x00800467                timer2_millis
 .bss.raw_z     0x0080046b        0x2 main.o
                0x0080046b                raw_z
 .bss.raw_y     0x0080046d        0x2 main.o
                0x0080046d                raw_y
 .bss.raw_x     0x0080046f        0x2 main.o
                0x0080046f                raw_x
 .bss.FlagChangeSetpointCompass
                0x00800471        0x1 main.o
                0x00800471                FlagChangeSetpointCompass
 .bss._ZL17UART3_LastRxError
                0x00800472        0x1 uart.o
 .bss._ZL12UART3_RxTail
                0x00800473        0x1 uart.o
 .bss._ZL12UART3_RxHead
                0x00800474        0x1 uart.o
 .bss._ZL12UART3_TxTail
                0x00800475        0x1 uart.o
 .bss._ZL12UART3_TxHead
                0x00800476        0x1 uart.o
 .bss._ZL11UART3_RxBuf
                0x00800477       0x20 uart.o
 .bss._ZL11UART3_TxBuf
                0x00800497       0x20 uart.o
 .bss._ZL12UART2_RxTail
                0x008004b7        0x1 uart.o
 .bss._ZL12UART2_RxHead
                0x008004b8        0x1 uart.o
 .bss._ZL12UART2_TxTail
                0x008004b9        0x1 uart.o
 .bss._ZL12UART2_TxHead
                0x008004ba        0x1 uart.o
 .bss._ZL11UART2_TxBuf
                0x008004bb       0x20 uart.o
 .bss._ZL17UART1_LastRxError
                0x008004db        0x1 uart.o
 .bss._ZL12UART1_RxTail
                0x008004dc        0x1 uart.o
 .bss._ZL12UART1_RxHead
                0x008004dd        0x1 uart.o
 .bss._ZL12UART1_TxTail
                0x008004de        0x1 uart.o
 .bss._ZL12UART1_TxHead
                0x008004df        0x1 uart.o
 .bss._ZL11UART1_RxBuf
                0x008004e0       0x20 uart.o
 .bss._ZL11UART1_TxBuf
                0x00800500       0x20 uart.o
 .bss._ZL17UART0_LastRxError
                0x00800520        0x1 uart.o
 .bss._ZL12UART0_RxTail
                0x00800521        0x1 uart.o
 .bss._ZL12UART0_RxHead
                0x00800522        0x1 uart.o
 .bss._ZL12UART0_TxTail
                0x00800523        0x1 uart.o
 .bss._ZL12UART0_TxHead
                0x00800524        0x1 uart.o
 .bss._ZL11UART0_RxBuf
                0x00800525       0x20 uart.o
 .bss._ZL11UART0_TxBuf
                0x00800545       0x20 uart.o
 .bss.buffer2   0x00800565        0x1 uart.o
                0x00800565                buffer2
 *(COMMON)
                0x00800566                PROVIDE (__bss_end, .)
                0x00004396                __data_load_start = LOADADDR (.data)
                0x0000440c                __data_load_end = (__data_load_start + SIZEOF (.data))

.noinit         0x00800566        0x0
                [!provide]                PROVIDE (__noinit_start, .)
 *(.noinit*)
                [!provide]                PROVIDE (__noinit_end, .)
                0x00800566                _end = .
                [!provide]                PROVIDE (__heap_start, .)

.eeprom         0x00810000        0x0
 *(.eeprom*)
                0x00810000                __eeprom_end = .

.fuse
 *(.fuse)
 *(.lfuse)
 *(.hfuse)
 *(.efuse)

.lock
 *(.lock*)

.signature
 *(.signature*)

.user_signatures
 *(.user_signatures*)

.stab
 *(.stab)

.stabstr
 *(.stabstr)

.stab.excl
 *(.stab.excl)

.stab.exclstr
 *(.stab.exclstr)

.stab.index
 *(.stab.index)

.stab.indexstr
 *(.stab.indexstr)

.comment        0x00000000       0x30
 *(.comment)
 .comment       0x00000000       0x30 encoder.o
                                 0x31 (size before relaxing)
 .comment       0x00000030       0x31 main.o
 .comment       0x00000030       0x31 MPU6050.o
 .comment       0x00000030       0x31 TWI.o
 .comment       0x00000030       0x31 uart.o

.note.gnu.avr.deviceinfo
                0x00000000       0x40
 .note.gnu.avr.deviceinfo
                0x00000000       0x40 C:/Program Files (x86)/Atmel/Studio/7.0/Packs/Atmel/ATmega_DFP/1.2.203/gcc/dev/atmega2560/avr6/crtatmega2560.o

.note.gnu.build-id
 *(.note.gnu.build-id)

.debug
 *(.debug)

.line
 *(.line)

.debug_srcinfo
 *(.debug_srcinfo)

.debug_sfnames
 *(.debug_sfnames)

.debug_aranges  0x00000000      0x408
 *(.debug_aranges)
 .debug_aranges
                0x00000000       0x48 encoder.o
 .debug_aranges
                0x00000048      0x170 main.o
 .debug_aranges
                0x000001b8       0x98 MPU6050.o
 .debug_aranges
                0x00000250       0x60 TWI.o
 .debug_aranges
                0x000002b0      0x158 uart.o

.debug_pubnames
 *(.debug_pubnames)

.debug_info     0x00000000     0x5b05
 *(.debug_info .gnu.linkonce.wi.*)
 .debug_info    0x00000000      0xbbc C:/Program Files (x86)/Atmel/Studio/7.0/Packs/Atmel/ATmega_DFP/1.2.203/gcc/dev/atmega2560/avr6/crtatmega2560.o
 .debug_info    0x00000bbc      0x3b0 encoder.o
 .debug_info    0x00000f6c     0x2ea4 main.o
 .debug_info    0x00003e10      0xcad MPU6050.o
 .debug_info    0x00004abd      0x22f TWI.o
 .debug_info    0x00004cec      0xe19 uart.o

.debug_abbrev   0x00000000     0x1864
 *(.debug_abbrev)
 .debug_abbrev  0x00000000      0xb1a C:/Program Files (x86)/Atmel/Studio/7.0/Packs/Atmel/ATmega_DFP/1.2.203/gcc/dev/atmega2560/avr6/crtatmega2560.o
 .debug_abbrev  0x00000b1a      0x198 encoder.o
 .debug_abbrev  0x00000cb2      0x5d9 main.o
 .debug_abbrev  0x0000128b      0x2a1 MPU6050.o
 .debug_abbrev  0x0000152c      0x10b TWI.o
 .debug_abbrev  0x00001637      0x22d uart.o

.debug_line     0x00000000     0x316c
 *(.debug_line .debug_line.* .debug_line_end)
 .debug_line    0x00000000      0x1f9 C:/Program Files (x86)/Atmel/Studio/7.0/Packs/Atmel/ATmega_DFP/1.2.203/gcc/dev/atmega2560/avr6/crtatmega2560.o
 .debug_line    0x000001f9      0x190 encoder.o
 .debug_line    0x00000389     0x1d43 main.o
 .debug_line    0x000020cc      0x5f4 MPU6050.o
 .debug_line    0x000026c0      0x279 TWI.o
 .debug_line    0x00002939      0x833 uart.o

.debug_frame    0x00000000     0x1100
 *(.debug_frame)
 .debug_frame   0x00000000       0xd0 encoder.o
 .debug_frame   0x000000d0      0x7fc main.o
 .debug_frame   0x000008cc      0x2f0 MPU6050.o
 .debug_frame   0x00000bbc       0xe4 TWI.o
 .debug_frame   0x00000ca0      0x460 uart.o

.debug_str      0x00000000     0x2216
 *(.debug_str)
 .debug_str     0x00000000      0x3e6 C:/Program Files (x86)/Atmel/Studio/7.0/Packs/Atmel/ATmega_DFP/1.2.203/gcc/dev/atmega2560/avr6/crtatmega2560.o
 .debug_str     0x000003e6      0x3c9 encoder.o
                                0x414 (size before relaxing)
 .debug_str     0x000007af     0x1464 main.o
                               0x191d (size before relaxing)
 .debug_str     0x00001c13       0x83 MPU6050.o
                                0x658 (size before relaxing)
 .debug_str     0x00001c96       0x41 TWI.o
                                0x2ea (size before relaxing)
 .debug_str     0x00001cd7      0x53f uart.o
                                0x7ff (size before relaxing)

.debug_loc      0x00000000     0x41cd
 *(.debug_loc)
 .debug_loc     0x00000000      0x1b3 encoder.o
 .debug_loc     0x000001b3     0x1fd0 main.o
 .debug_loc     0x00002183      0xe59 MPU6050.o
 .debug_loc     0x00002fdc      0x283 TWI.o
 .debug_loc     0x0000325f      0xf6e uart.o

.debug_macinfo
 *(.debug_macinfo)

.debug_weaknames
 *(.debug_weaknames)

.debug_funcnames
 *(.debug_funcnames)

.debug_typenames
 *(.debug_typenames)

.debug_varnames
 *(.debug_varnames)

.debug_pubtypes
 *(.debug_pubtypes)

.debug_ranges   0x00000000      0x430
 *(.debug_ranges)
 .debug_ranges  0x00000000       0x38 encoder.o
 .debug_ranges  0x00000038      0x178 main.o
 .debug_ranges  0x000001b0       0x88 MPU6050.o
 .debug_ranges  0x00000238       0x50 TWI.o
 .debug_ranges  0x00000288      0x1a8 uart.o

.debug_macro
 *(.debug_macro)
OUTPUT(Master.elf elf32-avr)
LOAD linker stubs
